Component: ARM Compiler 5.06 update 7 (build 960) Tool: armlink [4d3601]

==============================================================================

Section Cross References

    camera.o(i.INIT_Camera) refers to controlpins.o(i.ControlPin_SI_Init) for ControlPin_SI_Init
    camera.o(i.INIT_Camera) refers to controlpins.o(i.ControlPin_CLK_Init) for ControlPin_CLK_Init
    camera.o(i.INIT_Camera) refers to adc14.o(i.ADC0_InitSWTriggerCh6) for ADC0_InitSWTriggerCh6
    camera.o(i.INIT_Camera) refers to controlpins.o(.data) for g_sendData
    camera.o(i.bin_plotline) refers to oled.o(i.OLED_DisplayCameraData) for OLED_DisplayCameraData
    camera.o(i.bin_plotline) refers to i2c.o(.data) for i
    camera.o(i.bl_put) refers to uart.o(i.uart0_put) for uart0_put
    camera.o(i.bl_put) refers to uart.o(i.uart2_put) for uart2_put
    camera.o(i.calibrate_center) refers to i2c.o(.data) for i
    camera.o(i.calibrate_center) refers to camera.o(.data) for .data
    camera.o(i.calibrate_center) refers to camera.o(.bss) for .bss
    camera.o(i.cameraUpsidedown) refers to i2c.o(.data) for i
    camera.o(i.camera_calibration) refers to lab1.o(i.LED2_White) for LED2_White
    camera.o(i.camera_calibration) refers to dflt_clz.o(x$fpl$dfltu) for __aeabi_ui2d
    camera.o(i.camera_calibration) refers to drleqf.o(x$fpl$drleqf) for __aeabi_cdrcmple
    camera.o(i.camera_calibration) refers to dleqf.o(x$fpl$dleqf) for __aeabi_cdcmple
    camera.o(i.camera_calibration) refers to lab1.o(i.LED2_Off) for LED2_Off
    camera.o(i.camera_calibration) refers to controlpins.o(.bss) for line
    camera.o(i.camera_calibration) refers to camera.o(.data) for .data
    camera.o(i.camera_calibration) refers to i2c.o(.data) for i
    camera.o(i.edge_detection) refers to dfix.o(x$fpl$dfix) for __aeabi_d2iz
    camera.o(i.edge_detection) refers to dflt_clz.o(x$fpl$dflt) for __aeabi_i2d
    camera.o(i.edge_detection) refers to dmul.o(x$fpl$dmul) for __aeabi_dmul
    camera.o(i.edge_detection) refers to daddsub_clz.o(x$fpl$dadd) for __aeabi_dadd
    camera.o(i.edge_detection) refers to dflt_clz.o(x$fpl$dfltu) for __aeabi_ui2d
    camera.o(i.edge_detection) refers to drleqf.o(x$fpl$drleqf) for __aeabi_cdrcmple
    camera.o(i.edge_detection) refers to camera.o(.data) for .data
    camera.o(i.edge_detection) refers to i2c.o(.data) for i
    camera.o(i.edge_detection) refers to camera.o(.bss) for .bss
    camera.o(i.isOffTrack) refers to i2c.o(.data) for i
    camera.o(i.isOffTrack) refers to camera.o(.bss) for .bss
    camera.o(i.parsedata) refers to camera.o(i.edge_detection) for edge_detection
    camera.o(i.parsedata) refers to i2c.o(.data) for i
    camera.o(i.parsedata) refers to controlpins.o(.bss) for line
    camera.o(i.parsedata) refers to camera.o(.data) for .data
    camera.o(i.parsedata) refers to camera.o(.bss) for .bss
    camera.o(i.plotline) refers to oled.o(i.OLED_DisplayCameraData) for OLED_DisplayCameraData
    controlpins.o(i.CLK_Handler) refers to adc14.o(i.ADC_In) for ADC_In
    controlpins.o(i.CLK_Handler) refers to systicktimer.o(i.DisableSysTickTimer) for DisableSysTickTimer
    controlpins.o(i.CLK_Handler) refers to controlpins.o(.bss) for .bss
    controlpins.o(i.CLK_Handler) refers to controlpins.o(.data) for .data
    controlpins.o(i.ControlPin_CLK_Init) refers to timer32.o(i.CalcPeriodFromFrequency) for CalcPeriodFromFrequency
    controlpins.o(i.ControlPin_CLK_Init) refers to systicktimer.o(i.SysTickTimer_Init) for SysTickTimer_Init
    controlpins.o(i.ControlPin_CLK_Init) refers to systicktimer.o(i.DisableSysTickTimer) for DisableSysTickTimer
    controlpins.o(i.ControlPin_CLK_Init) refers to controlpins.o(i.CLK_Handler) for CLK_Handler
    controlpins.o(i.ControlPin_SI_Init) refers to timer32.o(i.CalcPeriodFromFrequency) for CalcPeriodFromFrequency
    controlpins.o(i.ControlPin_SI_Init) refers to timer32.o(i.Timer32_1_Init) for Timer32_1_Init
    controlpins.o(i.ControlPin_SI_Init) refers to controlpins.o(i.SI_Handler) for SI_Handler
    controlpins.o(i.SI_Handler) refers to systicktimer.o(i.EnableSysTickTimer) for EnableSysTickTimer
    cortexm.o(i.Clock_Delay1ms) refers to cortexm.o(.emb_text) for delay
    i2c.o(i.i2c0_Init) refers to system_msp432p401r.o(.data) for SystemCoreClock
    i2c.o(i.i2c0_put) refers to i2c.o(.data) for .data
    motors.o(i.driveMotors_forwardLeft) refers to ddiv.o(x$fpl$ddiv) for __aeabi_ddiv
    motors.o(i.driveMotors_forwardLeft) refers to timera.o(i.TIMER_A0_PWM_DutyCycle) for TIMER_A0_PWM_DutyCycle
    motors.o(i.driveMotors_forwardLeft) refers to motors.o(.data) for .data
    motors.o(i.driveMotors_forwardRight) refers to ddiv.o(x$fpl$ddiv) for __aeabi_ddiv
    motors.o(i.driveMotors_forwardRight) refers to timera.o(i.TIMER_A0_PWM_DutyCycle) for TIMER_A0_PWM_DutyCycle
    motors.o(i.driveMotors_forwardRight) refers to motors.o(.data) for .data
    motors.o(i.driveMotors_init) refers to timera.o(i.TIMER_A0_PWM_Init) for TIMER_A0_PWM_Init
[...]
    libinit2.o(.ARM.Collect$$libinit$$00000016) refers to libinit2.o(.ARM.Collect$$libinit$$0000000F) for .ARM.Collect$$libinit$$0000000F
    libinit2.o(.ARM.Collect$$libinit$$00000018) refers to libinit2.o(.ARM.Collect$$libinit$$0000000F) for .ARM.Collect$$libinit$$0000000F
    libinit2.o(.ARM.Collect$$libinit$$00000026) refers to argv_veneer.o(.emb_text) for __ARM_argv_veneer
    libinit2.o(.ARM.Collect$$libinit$$00000027) refers to argv_veneer.o(.emb_text) for __ARM_argv_veneer
    rtexit2.o(.ARM.Collect$$rtexit$$00000003) refers to libshutdown.o(.ARM.Collect$$libshutdown$$00000000) for __rt_lib_shutdown
    rtexit2.o(.ARM.Collect$$rtexit$$00000004) refers to sys_exit.o(.text) for _sys_exit
    rtexit2.o(.ARM.exidx) refers to rtexit2.o(.ARM.Collect$$rtexit$$00000001) for .ARM.Collect$$rtexit$$00000001
    rtexit2.o(.ARM.exidx) refers to rtexit2.o(.ARM.Collect$$rtexit$$00000003) for .ARM.Collect$$rtexit$$00000003
    rtexit2.o(.ARM.exidx) refers to rtexit2.o(.ARM.Collect$$rtexit$$00000004) for .ARM.Collect$$rtexit$$00000004
    argv_veneer.o(.emb_text) refers to no_argv.o(.text) for __ARM_get_argv
    sys_exit.o(.text) refers (Special) to use_no_semi.o(.text) for __I$use$semihosting
    sys_exit.o(.text) refers (Special) to indicate_semi.o(.text) for __semihosting_library_function
    _get_argv_nomalloc.o(.text) refers (Special) to hrguard.o(.text) for __heap_region$guard
    _get_argv_nomalloc.o(.text) refers to defsig_rtmem_outer.o(.text) for __rt_SIGRTMEM
    _get_argv_nomalloc.o(.text) refers to sys_command.o(.text) for _sys_command_string
    libshutdown.o(.ARM.Collect$$libshutdown$$00000000) refers (Special) to libshutdown2.o(.ARM.Collect$$libshutdown$$00000004) for __rt_lib_shutdown_cpp_1
    libshutdown.o(.ARM.Collect$$libshutdown$$00000000) refers (Special) to libshutdown2.o(.ARM.Collect$$libshutdown$$00000002) for __rt_lib_shutdown_fini_1
    libshutdown.o(.ARM.Collect$$libshutdown$$00000000) refers (Special) to libshutdown2.o(.ARM.Collect$$libshutdown$$00000009) for __rt_lib_shutdown_fp_trap_1
    libshutdown.o(.ARM.Collect$$libshutdown$$00000000) refers (Special) to libshutdown2.o(.ARM.Collect$$libshutdown$$00000011) for __rt_lib_shutdown_heap_1
    libshutdown.o(.ARM.Collect$$libshutdown$$00000000) refers (Special) to libshutdown2.o(.ARM.Collect$$libshutdown$$00000012) for __rt_lib_shutdown_return
    libshutdown.o(.ARM.Collect$$libshutdown$$00000000) refers (Special) to libshutdown2.o(.ARM.Collect$$libshutdown$$0000000C) for __rt_lib_shutdown_signal_1
    libshutdown.o(.ARM.Collect$$libshutdown$$00000000) refers (Special) to libshutdown2.o(.ARM.Collect$$libshutdown$$00000006) for __rt_lib_shutdown_stdio_1
    libshutdown.o(.ARM.Collect$$libshutdown$$00000000) refers (Special) to libshutdown2.o(.ARM.Collect$$libshutdown$$0000000E) for __rt_lib_shutdown_user_alloc_1
    sys_command.o(.text) refers (Special) to use_no_semi.o(.text) for __I$use$semihosting
    sys_command.o(.text) refers (Special) to indicate_semi.o(.text) for __semihosting_library_function
    defsig_rtmem_outer.o(.text) refers to defsig_rtmem_inner.o(.text) for __rt_SIGRTMEM_inner
    defsig_rtmem_outer.o(.text) refers to defsig_exit.o(.text) for __sig_exit
    defsig_rtmem_formal.o(.text) refers to rt_raise.o(.text) for __rt_raise
    rt_raise.o(.text) refers to __raise.o(.text) for __raise
    rt_raise.o(.text) refers to sys_exit.o(.text) for _sys_exit
    defsig_exit.o(.text) refers to sys_exit.o(.text) for _sys_exit
    defsig_rtmem_inner.o(.text) refers to defsig_general.o(.text) for __default_signal_display
    __raise.o(.text) refers to defsig.o(CL$$defsig) for __default_signal_handler
    defsig_general.o(.text) refers to sys_wrch.o(.text) for _ttywrch
    sys_wrch.o(.text) refers (Special) to use_no_semi.o(.text) for __I$use$semihosting
    sys_wrch.o(.text) refers (Special) to indicate_semi.o(.text) for __semihosting_library_function
    defsig.o(CL$$defsig) refers to defsig_rtmem_inner.o(.text) for __rt_SIGRTMEM_inner
    defsig_abrt_inner.o(.text) refers to defsig_general.o(.text) for __default_signal_display
    defsig_fpe_inner.o(.text) refers to defsig_general.o(.text) for __default_signal_display
    defsig_rtred_inner.o(.text) refers to defsig_general.o(.text) for __default_signal_display
    defsig_stak_inner.o(.text) refers to defsig_general.o(.text) for __default_signal_display
    defsig_pvfn_inner.o(.text) refers to defsig_general.o(.text) for __default_signal_display
    defsig_cppl_inner.o(.text) refers to defsig_general.o(.text) for __default_signal_display
    defsig_segv_inner.o(.text) refers to defsig_general.o(.text) for __default_signal_display
    defsig_other.o(.text) refers to defsig_general.o(.text) for __default_signal_display


==============================================================================

Removing Unused input sections from the image.

    Removing adc14.o(.rev16_text), (4 bytes).
    Removing adc14.o(.revsh_text), (4 bytes).
    Removing adc14.o(.rrx_text), (6 bytes).
    Removing camera.o(.rev16_text), (4 bytes).
    Removing camera.o(.revsh_text), (4 bytes).
    Removing camera.o(.rrx_text), (6 bytes).
    Removing camera.o(i.bl_put), (18 bytes).
    Removing camera.o(i.cameraUpsidedown), (64 bytes).
    Removing camera.o(.bss), (100 bytes).
    Removing camera.o(.data), (1 bytes).
    Removing camera.o(.data), (4 bytes).
    Removing controlpins.o(.rev16_text), (4 bytes).
    Removing controlpins.o(.revsh_text), (4 bytes).
    Removing controlpins.o(.rrx_text), (6 bytes).
    Removing controlpins.o(.data), (4 bytes).
    Removing cortexm.o(i.Clock_Delay1ms), (24 bytes).
    Removing i2c.o(.rev16_text), (4 bytes).
    Removing i2c.o(.revsh_text), (4 bytes).
    Removing i2c.o(.rrx_text), (6 bytes).
    Removing motors.o(.rev16_text), (4 bytes).
    Removing motors.o(.revsh_text), (4 bytes).
    Removing motors.o(.rrx_text), (6 bytes).
    Removing motors.o(i.driveMotors_forwardLeft), (48 bytes).
    Removing motors.o(i.driveMotors_forwardRight), (48 bytes).
    Removing lab1.o(.rev16_text), (4 bytes).
    Removing lab1.o(.revsh_text), (4 bytes).
    Removing lab1.o(.rrx_text), (6 bytes).
    Removing lab1.o(i.LED1_State), (20 bytes).
    Removing lab1.o(i.LED2_Blue), (32 bytes).
    Removing lab1.o(i.LED2_Cyan), (32 bytes).
    Removing lab1.o(i.LED2_Green), (32 bytes).
    Removing lab1.o(i.LED2_Magenta), (32 bytes).
    Removing lab1.o(i.LED2_Red), (32 bytes).
    Removing lab1.o(i.LED2_Yellow), (32 bytes).
    Removing lab1.o(i.Switch1_Init), (60 bytes).
    Removing lab1.o(i.Switch2_Init), (60 bytes).
    Removing project-main.o(.rev16_text), (4 bytes).
    Removing project-main.o(.revsh_text), (4 bytes).
    Removing project-main.o(.rrx_text), (6 bytes).
    Removing project-main.o(.bss), (256 bytes).
    Removing project-main.o(.bss), (256 bytes).
    Removing oled.o(.rev16_text), (4 bytes).
    Removing oled.o(.revsh_text), (4 bytes).
    Removing oled.o(.rrx_text), (6 bytes).
    Removing oled.o(i.OLED_ClearTextArr), (16 bytes).
    Removing oled.o(i.OLED_PrintLine), (56 bytes).
    Removing oled.o(i.OLED_display_on), (6 bytes).
    Removing oled.o(.data), (1 bytes).
    Removing systicktimer.o(.rev16_text), (4 bytes).
    Removing systicktimer.o(.revsh_text), (4 bytes).
    Removing systicktimer.o(.rrx_text), (6 bytes).
    Removing timera.o(.rev16_text), (4 bytes).
    Removing timera.o(.revsh_text), (4 bytes).
    Removing timera.o(.rrx_text), (6 bytes).
    Removing timer32.o(.rev16_text), (4 bytes).
    Removing timer32.o(.revsh_text), (4 bytes).
    Removing timer32.o(.rrx_text), (6 bytes).
    Removing timer32.o(i.MS_Timeout_Handler), (12 bytes).
    Removing timer32.o(i.Timer32_2_Init), (104 bytes).
    Removing timer32.o(.data), (8 bytes).
    Removing uart.o(.rev16_text), (4 bytes).
    Removing uart.o(.revsh_text), (4 bytes).
    Removing uart.o(.rrx_text), (6 bytes).
    Removing uart.o(i.uart0_dataAvailable), (20 bytes).
    Removing uart.o(i.uart0_getchar), (20 bytes).
    Removing uart.o(i.uart2_dataAvailable), (20 bytes).
    Removing system_msp432p401r.o(.rev16_text), (4 bytes).
    Removing system_msp432p401r.o(.revsh_text), (4 bytes).
    Removing system_msp432p401r.o(.rrx_text), (6 bytes).
    Removing system_msp432p401r.o(i.SystemCoreClockUpdate), (452 bytes).

70 unused section(s) (total 2052 bytes) removed from the image.

==============================================================================

Image Symbol Table

    Local Symbols

    Symbol Name                              Value     Ov Type        Size  Object(Section)

    RESET                                    0x00000000   Section      324  startup_msp432p401r_uvision.o(RESET)
    ../clib/angel/boardlib.s                 0x00000000   Number         0  boardinit2.o ABSOLUTE
    ../clib/angel/boardlib.s                 0x00000000   Number         0  boardshut.o ABSOLUTE
    ../clib/angel/boardlib.s                 0x00000000   Number         0  boardinit3.o ABSOLUTE
    ../clib/angel/boardlib.s                 0x00000000   Number         0  boardinit1.o ABSOLUTE
    ../clib/angel/handlers.s                 0x00000000   Number         0  __scatter_zi.o ABSOLUTE
    ../clib/angel/handlers.s                 0x00000000   Number         0  __scatter_copy.o ABSOLUTE
    ../clib/angel/kernel.s                   0x00000000   Number         0  __rtentry4.o ABSOLUTE
    ../clib/angel/kernel.s                   0x00000000   Number         0  rtexit2.o ABSOLUTE
    ../clib/angel/kernel.s                   0x00000000   Number         0  __rtentry2.o ABSOLUTE
    ../clib/angel/kernel.s                   0x00000000   Number         0  rtexit.o ABSOLUTE
    ../clib/angel/kernel.s                   0x00000000   Number         0  __rtentry.o ABSOLUTE
    ../clib/angel/rt.s                       0x00000000   Number         0  rt_raise.o ABSOLUTE
    ../clib/angel/scatter.s                  0x00000000   Number         0  __scatter.o ABSOLUTE
    ../clib/angel/startup.s                  0x00000000   Number         0  __main.o ABSOLUTE
    ../clib/angel/sys.s                      0x00000000   Number         0  indicate_semi.o ABSOLUTE
    ../clib/angel/sys.s                      0x00000000   Number         0  use_no_semi.o ABSOLUTE
    ../clib/angel/sys.s                      0x00000000   Number         0  sys_stackheap_outer.o ABSOLUTE
    ../clib/angel/sys.s                      0x00000000   Number         0  libspace.o ABSOLUTE
    ../clib/angel/sysapp.c                   0x00000000   Number         0  sys_command.o ABSOLUTE
    ../clib/angel/sysapp.c                   0x00000000   Number         0  sys_wrch.o ABSOLUTE
    ../clib/angel/sysapp.c                   0x00000000   Number         0  sys_exit.o ABSOLUTE
    ../clib/armsys.c                         0x00000000   Number         0  argv_veneer.o ABSOLUTE
    ../clib/armsys.c                         0x00000000   Number         0  argv_veneer.o ABSOLUTE
    ../clib/armsys.c                         0x00000000   Number         0  _get_argv_nomalloc.o ABSOLUTE
    ../clib/armsys.c                         0x00000000   Number         0  no_argv.o ABSOLUTE
    ../clib/heapalloc.c                      0x00000000   Number         0  hrguard.o ABSOLUTE
    ../clib/heapaux.c                        0x00000000   Number         0  heapauxi.o ABSOLUTE
    ../clib/libinit.s                        0x00000000   Number         0  libinit.o ABSOLUTE
    ../clib/libinit.s                        0x00000000   Number         0  libshutdown2.o ABSOLUTE
    ../clib/libinit.s                        0x00000000   Number         0  libinit2.o ABSOLUTE
    ../clib/libinit.s                        0x00000000   Number         0  libshutdown.o ABSOLUTE
    ../clib/memcpset.s                       0x00000000   Number         0  rt_memclr_w.o ABSOLUTE
    ../clib/memcpset.s                       0x00000000   Number         0  rt_memcpy_w.o ABSOLUTE
    ../clib/memcpset.s                       0x00000000   Number         0  rt_memclr.o ABSOLUTE
    ../clib/signal.c                         0x00000000   Number         0  defsig_rtmem_formal.o ABSOLUTE
    ../clib/signal.c                         0x00000000   Number         0  defsig_other.o ABSOLUTE
    ../clib/signal.c                         0x00000000   Number         0  defsig_segv_inner.o ABSOLUTE
    ../clib/signal.c                         0x00000000   Number         0  defsig_cppl_inner.o ABSOLUTE
    ../clib/signal.c                         0x00000000   Number         0  defsig_pvfn_inner.o ABSOLUTE
    ../clib/signal.c                         0x00000000   Number         0  defsig_stak_inner.o ABSOLUTE
    ../clib/signal.c                         0x00000000   Number         0  defsig_rtred_inner.o ABSOLUTE
    ../clib/signal.c                         0x00000000   Number         0  defsig_fpe_inner.o ABSOLUTE
    ../clib/signal.c                         0x00000000   Number         0  defsig_abrt_inner.o ABSOLUTE
    ../clib/signal.c                         0x00000000   Number         0  defsig_general.o ABSOLUTE
    ../clib/signal.c                         0x00000000   Number         0  __raise.o ABSOLUTE
    ../clib/signal.c                         0x00000000   Number         0  defsig_rtmem_inner.o ABSOLUTE
    ../clib/signal.c                         0x00000000   Number         0  defsig_exit.o ABSOLUTE
    ../clib/signal.c                         0x00000000   Number         0  defsig_rtmem_outer.o ABSOLUTE
    ../clib/signal.s                         0x00000000   Number         0  defsig.o ABSOLUTE
    ../clib/stdlib.c                         0x00000000   Number         0  exit.o ABSOLUTE
    ../clib/string.c                         0x00000000   Number         0  strlen.o ABSOLUTE
    ../fplib/daddsub.s                       0x00000000   Number         0  daddsub_clz.o ABSOLUTE
    ../fplib/dcmpi.s                         0x00000000   Number         0  dcmpi.o ABSOLUTE
    ../fplib/ddiv.s                          0x00000000   Number         0  ddiv.o ABSOLUTE
    ../fplib/dfix.s                          0x00000000   Number         0  dfix.o ABSOLUTE
    ../fplib/dfixu.s                         0x00000000   Number         0  dfixu.o ABSOLUTE
    ../fplib/dflt.s                          0x00000000   Number         0  dflt_clz.o ABSOLUTE
    ../fplib/dleqf.s                         0x00000000   Number         0  dleqf.o ABSOLUTE
    ../fplib/dmul.s                          0x00000000   Number         0  dmul.o ABSOLUTE
    ../fplib/dnaninf.s                       0x00000000   Number         0  dnaninf.o ABSOLUTE
    ../fplib/dretinf.s                       0x00000000   Number         0  dretinf.o ABSOLUTE
    ../fplib/drleqf.s                        0x00000000   Number         0  drleqf.o ABSOLUTE
    ../fplib/fpinit.s                        0x00000000   Number         0  fpinit.o ABSOLUTE
    ../fplib/usenofp.s                       0x00000000   Number         0  usenofp.o ABSOLUTE
    ../mathlib/floor.c                       0x00000000   Number         0  floor.o ABSOLUTE
    ADC14.c                                  0x00000000   Number         0  adc14.o ABSOLUTE
    ADC14.c                                  0x00000000   Number         0  adc14.o ABSOLUTE
    Camera.c                                 0x00000000   Number         0  camera.o ABSOLUTE
    Camera.c                                 0x00000000   Number         0  camera.o ABSOLUTE
    ControlPins.c                            0x00000000   Number         0  controlpins.o ABSOLUTE
    ControlPins.c                            0x00000000   Number         0  controlpins.o ABSOLUTE
    CortexM.c                                0x00000000   Number         0  cortexm.o ABSOLUTE
    CortexM.c                                0x00000000   Number         0  cortexm.o ABSOLUTE
    Lab1.c                                   0x00000000   Number         0  lab1.o ABSOLUTE
    Lab1.c                                   0x00000000   Number         0  lab1.o ABSOLUTE
    Motors.c                                 0x00000000   Number         0  motors.o ABSOLUTE
    Motors.c                                 0x00000000   Number         0  motors.o ABSOLUTE
    Project-Main.c                           0x00000000   Number         0  project-main.o ABSOLUTE
    Project-Main.c                           0x00000000   Number         0  project-main.o ABSOLUTE
    RTE\Device\MSP432P401R\startup_msp432p401r_uvision.s 0x00000000   Number         0  startup_msp432p401r_uvision.o ABSOLUTE
    RTE\Device\MSP432P401R\system_msp432p401r.c 0x00000000   Number         0  system_msp432p401r.o ABSOLUTE
    RTE\\Device\\MSP432P401R\\system_msp432p401r.c 0x00000000   Number         0  system_msp432p401r.o ABSOLUTE
    SysTickTimer.c                           0x00000000   Number         0  systicktimer.o ABSOLUTE
    SysTickTimer.c                           0x00000000   Number         0  systicktimer.o ABSOLUTE
    Timer32.c                                0x00000000   Number         0  timer32.o ABSOLUTE
    Timer32.c                                0x00000000   Number         0  timer32.o ABSOLUTE
    TimerA.c                                 0x00000000   Number         0  timera.o ABSOLUTE
    TimerA.c                                 0x00000000   Number         0  timera.o ABSOLUTE
    dc.s                                     0x00000000   Number         0  dc.o ABSOLUTE
    i2c.c                                    0x00000000   Number         0  i2c.o ABSOLUTE
    i2c.c                                    0x00000000   Number         0  i2c.o ABSOLUTE
    oled.c                                   0x00000000   Number         0  oled.o ABSOLUTE
    oled.c                                   0x00000000   Number         0  oled.o ABSOLUTE
    uart.c                                   0x00000000   Number         0  uart.o ABSOLUTE
    uart.c                                   0x00000000   Number         0  uart.o ABSOLUTE
    !!!main                                  0x00000144   Section        8  __main.o(!!!main)
    !!!scatter                               0x0000014c   Section       52  __scatter.o(!!!scatter)
    !!handler_copy                           0x00000180   Section       26  __scatter_copy.o(!!handler_copy)
    !!handler_zi                             0x0000019c   Section       28  __scatter_zi.o(!!handler_zi)
    .ARM.Collect$$libinit$$00000000          0x000001b8   Section        2  libinit.o(.ARM.Collect$$libinit$$00000000)
    .ARM.Collect$$libinit$$00000001          0x000001ba   Section        4  libinit2.o(.ARM.Collect$$libinit$$00000001)
    .ARM.Collect$$libinit$$00000004          0x000001be   Section        0  libinit2.o(.ARM.Collect$$libinit$$00000004)
    .ARM.Collect$$libinit$$0000000A          0x000001be   Section        0  libinit2.o(.ARM.Collect$$libinit$$0000000A)
    .ARM.Collect$$libinit$$0000000C          0x000001be   Section        0  libinit2.o(.ARM.Collect$$libinit$$0000000C)
    .ARM.Collect$$libinit$$0000000E          0x000001be   Section        0  libinit2.o(.ARM.Collect$$libinit$$0000000E)
    .ARM.Collect$$libinit$$00000011          0x000001be   Section        0  libinit2.o(.ARM.Collect$$libinit$$00000011)
    .ARM.Collect$$libinit$$00000013          0x000001be   Section        0  libinit2.o(.ARM.Collect$$libinit$$00000013)
    .ARM.Collect$$libinit$$00000015          0x000001be   Section        0  libinit2.o(.ARM.Collect$$libinit$$00000015)
    .ARM.Collect$$libinit$$00000017          0x000001be   Section        0  libinit2.o(.ARM.Collect$$libinit$$00000017)
    .ARM.Collect$$libinit$$00000019          0x000001be   Section        0  libinit2.o(.ARM.Collect$$libinit$$00000019)
    .ARM.Collect$$libinit$$0000001B          0x000001be   Section        0  libinit2.o(.ARM.Collect$$libinit$$0000001B)
    .ARM.Collect$$libinit$$0000001D          0x000001be   Section        0  libinit2.o(.ARM.Collect$$libinit$$0000001D)
    .ARM.Collect$$libinit$$0000001F          0x000001be   Section        0  libinit2.o(.ARM.Collect$$libinit$$0000001F)
    .ARM.Collect$$libinit$$00000021          0x000001be   Section        0  libinit2.o(.ARM.Collect$$libinit$$00000021)
    .ARM.Collect$$libinit$$00000023          0x000001be   Section        0  libinit2.o(.ARM.Collect$$libinit$$00000023)
    .ARM.Collect$$libinit$$00000025          0x000001be   Section        0  libinit2.o(.ARM.Collect$$libinit$$00000025)
    .ARM.Collect$$libinit$$0000002C          0x000001be   Section        0  libinit2.o(.ARM.Collect$$libinit$$0000002C)
    .ARM.Collect$$libinit$$0000002E          0x000001be   Section        0  libinit2.o(.ARM.Collect$$libinit$$0000002E)
    .ARM.Collect$$libinit$$00000030          0x000001be   Section        0  libinit2.o(.ARM.Collect$$libinit$$00000030)
    .ARM.Collect$$libinit$$00000032          0x000001be   Section        0  libinit2.o(.ARM.Collect$$libinit$$00000032)
    .ARM.Collect$$libinit$$00000033          0x000001be   Section        2  libinit2.o(.ARM.Collect$$libinit$$00000033)
    .ARM.Collect$$libshutdown$$00000000      0x000001c0   Section        2  libshutdown.o(.ARM.Collect$$libshutdown$$00000000)
    .ARM.Collect$$libshutdown$$00000002      0x000001c2   Section        0  libshutdown2.o(.ARM.Collect$$libshutdown$$00000002)
    .ARM.Collect$$libshutdown$$00000004      0x000001c2   Section        0  libshutdown2.o(.ARM.Collect$$libshutdown$$00000004)
    .ARM.Collect$$libshutdown$$00000006      0x000001c2   Section        0  libshutdown2.o(.ARM.Collect$$libshutdown$$00000006)
    .ARM.Collect$$libshutdown$$00000009      0x000001c2   Section        0  libshutdown2.o(.ARM.Collect$$libshutdown$$00000009)
    .ARM.Collect$$libshutdown$$0000000C      0x000001c2   Section        0  libshutdown2.o(.ARM.Collect$$libshutdown$$0000000C)
    .ARM.Collect$$libshutdown$$0000000E      0x000001c2   Section        0  libshutdown2.o(.ARM.Collect$$libshutdown$$0000000E)
    .ARM.Collect$$libshutdown$$00000011      0x000001c2   Section        0  libshutdown2.o(.ARM.Collect$$libshutdown$$00000011)
    .ARM.Collect$$libshutdown$$00000012      0x000001c2   Section        2  libshutdown2.o(.ARM.Collect$$libshutdown$$00000012)
    .ARM.Collect$$rtentry$$00000000          0x000001c4   Section        0  __rtentry.o(.ARM.Collect$$rtentry$$00000000)
    .ARM.Collect$$rtentry$$00000002          0x000001c4   Section        0  __rtentry2.o(.ARM.Collect$$rtentry$$00000002)
    .ARM.Collect$$rtentry$$00000004          0x000001c4   Section        6  __rtentry4.o(.ARM.Collect$$rtentry$$00000004)
    .ARM.Collect$$rtentry$$00000009          0x000001ca   Section        0  __rtentry2.o(.ARM.Collect$$rtentry$$00000009)
    .ARM.Collect$$rtentry$$0000000A          0x000001ca   Section        4  __rtentry2.o(.ARM.Collect$$rtentry$$0000000A)
    .ARM.Collect$$rtentry$$0000000C          0x000001ce   Section        0  __rtentry2.o(.ARM.Collect$$rtentry$$0000000C)
    .ARM.Collect$$rtentry$$0000000D          0x000001ce   Section        8  __rtentry2.o(.ARM.Collect$$rtentry$$0000000D)
    .ARM.Collect$$rtexit$$00000000           0x000001d6   Section        2  rtexit.o(.ARM.Collect$$rtexit$$00000000)
    .ARM.Collect$$rtexit$$00000002           0x000001d8   Section        0  rtexit2.o(.ARM.Collect$$rtexit$$00000002)
    .ARM.Collect$$rtexit$$00000003           0x000001d8   Section        4  rtexit2.o(.ARM.Collect$$rtexit$$00000003)
    .ARM.Collect$$rtexit$$00000004           0x000001dc   Section        6  rtexit2.o(.ARM.Collect$$rtexit$$00000004)
    .emb_text                                0x000001e4   Section       32  cortexm.o(.emb_text)
    $v0                                      0x000001e4   Number         0  cortexm.o(.emb_text)
    .text                                    0x00000204   Section       64  startup_msp432p401r_uvision.o(.text)
    $v0                                      0x00000204   Number         0  startup_msp432p401r_uvision.o(.text)
    .text                                    0x00000244   Section        0  strlen.o(.text)
    .text                                    0x00000282   Section      100  rt_memcpy_w.o(.text)
    .text                                    0x000002e6   Section       68  rt_memclr.o(.text)
    .text                                    0x0000032a   Section        0  heapauxi.o(.text)
    .text                                    0x00000330   Section       78  rt_memclr_w.o(.text)
    .text                                    0x0000037e   Section       74  sys_stackheap_outer.o(.text)
    .text                                    0x000003c8   Section        0  exit.o(.text)
    .text                                    0x000003dc   Section        8  libspace.o(.text)
    .text                                    0x000003e4   Section        0  sys_exit.o(.text)
    .text                                    0x000003f0   Section        2  use_no_semi.o(.text)
    .text                                    0x000003f2   Section        0  indicate_semi.o(.text)
    i.ADC0_InitSWTriggerCh6                  0x000003f4   Section        0  adc14.o(i.ADC0_InitSWTriggerCh6)
    i.ADC_In                                 0x00000450   Section        0  adc14.o(i.ADC_In)
    i.CLK_Handler                            0x00000474   Section        0  controlpins.o(i.CLK_Handler)
    i.CalcPeriodFromFrequency                0x000004b8   Section        0  timer32.o(i.CalcPeriodFromFrequency)
    i.ControlPin_CLK_Init                    0x000004fc   Section        0  controlpins.o(i.ControlPin_CLK_Init)
    i.ControlPin_SI_Init                     0x0000055c   Section        0  controlpins.o(i.ControlPin_SI_Init)
    i.DisableSysTickTimer                    0x000005b8   Section        0  systicktimer.o(i.DisableSysTickTimer)
    i.EnableSysTickTimer                     0x000005c6   Section        0  systicktimer.o(i.EnableSysTickTimer)
    i.INIT_Camera                            0x000005e4   Section        0  camera.o(i.INIT_Camera)
    i.LED1_Init                              0x00000600   Section        0  lab1.o(i.LED1_Init)
    i.LED1_Off                               0x0000063c   Section        0  lab1.o(i.LED1_Off)
    i.LED1_On                                0x0000064c   Section        0  lab1.o(i.LED1_On)
    i.LED2_Init                              0x0000065c   Section        0  lab1.o(i.LED2_Init)
    i.LED2_Off                               0x000006d4   Section        0  lab1.o(i.LED2_Off)
    i.LED2_White                             0x000006f4   Section        0  lab1.o(i.LED2_White)
    i.OLED_Camera_Debug                      0x00000714   Section        0  project-main.o(i.OLED_Camera_Debug)
    i.OLED_DisplayCameraData                 0x0000073c   Section        0  oled.o(i.OLED_DisplayCameraData)
    i.OLED_Init                              0x00000740   Section        0  oled.o(i.OLED_Init)
    i.OLED_Print                             0x00000864   Section        0  oled.o(i.OLED_Print)
    i.OLED_display_clear                     0x00000888   Section        0  oled.o(i.OLED_display_clear)
    i.OLED_display_off                       0x000008a4   Section        0  oled.o(i.OLED_display_off)
    i.OLED_draw                              0x000008ac   Section        0  oled.o(i.OLED_draw)
    i.OLED_draw_line                         0x000008fc   Section        0  oled.o(i.OLED_draw_line)
    i.OLED_sendCommand                       0x00000926   Section        0  oled.o(i.OLED_sendCommand)
    i.OLED_sendData                          0x0000093c   Section        0  oled.o(i.OLED_sendData)
    i.OLED_write_display                     0x00000964   Section        0  oled.o(i.OLED_write_display)
    i.SI_Handler                             0x00000988   Section        0  controlpins.o(i.SI_Handler)
    i.Switch1_Pressed                        0x000009c0   Section        0  lab1.o(i.Switch1_Pressed)
    i.Switch2_Pressed                        0x000009d4   Section        0  lab1.o(i.Switch2_Pressed)
    i.Switches_Init                          0x000009e8   Section        0  lab1.o(i.Switches_Init)
    i.SysTickTimer_Init                      0x00000a4c   Section        0  systicktimer.o(i.SysTickTimer_Init)
    i.SysTick_Handler                        0x00000a94   Section        0  systicktimer.o(i.SysTick_Handler)
    i.SystemInit                             0x00000aa4   Section        0  system_msp432p401r.o(i.SystemInit)
    i.T32_INT1_IRQHandler                    0x00000b38   Section        0  timer32.o(i.T32_INT1_IRQHandler)
    i.T32_INT2_IRQHandler                    0x00000b58   Section        0  timer32.o(i.T32_INT2_IRQHandler)
    i.TIMER_A0_PWM_DutyCycle                 0x00000b78   Section        0  timera.o(i.TIMER_A0_PWM_DutyCycle)
    i.TIMER_A0_PWM_Init                      0x00000bb0   Section        0  timera.o(i.TIMER_A0_PWM_Init)
    i.TIMER_A2_PWM_DutyCycle                 0x00000c84   Section        0  timera.o(i.TIMER_A2_PWM_DutyCycle)
    i.TIMER_A2_PWM_Init                      0x00000cc0   Section        0  timera.o(i.TIMER_A2_PWM_Init)
    i.Timer32_1_Init                         0x00000d48   Section        0  timer32.o(i.Timer32_1_Init)
    i.__hardfp_floor                         0x00000db0   Section        0  floor.o(i.__hardfp_floor)
    i.bin_plotline                           0x00000ec8   Section        0  camera.o(i.bin_plotline)
    i.calibrate_center                       0x00000f04   Section        0  camera.o(i.calibrate_center)
    i.camera_calibration                     0x00000f48   Section        0  camera.o(i.camera_calibration)
    i.car_startup                            0x00000fd0   Section        0  project-main.o(i.car_startup)
    i.draw_1d_data                           0x0000118c   Section        0  oled.o(i.draw_1d_data)
    i.driveMotors_init                       0x0000120c   Section        0  motors.o(i.driveMotors_init)
    i.driveMotors_setSpeed                   0x0000129c   Section        0  motors.o(i.driveMotors_setSpeed)
    i.driveMotors_stop                       0x0000137c   Section        0  motors.o(i.driveMotors_stop)
    i.edge_detection                         0x000013dc   Section        0  camera.o(i.edge_detection)
    i.get_gain                               0x0000149c   Section        0  project-main.o(i.get_gain)
    i.i2c0_Init                              0x000014dc   Section        0  i2c.o(i.i2c0_Init)
    i.i2c0_put                               0x00001594   Section        0  i2c.o(i.i2c0_put)
    i.isOffTrack                             0x000015e8   Section        0  camera.o(i.isOffTrack)
    i.main                                   0x00001618   Section        0  project-main.o(i.main)
    i.ms_delay                               0x00001848   Section        0  camera.o(i.ms_delay)
    i.new_steering_adjust                    0x00001868   Section        0  project-main.o(i.new_steering_adjust)
    i.parsedata                              0x000019bc   Section        0  camera.o(i.parsedata)
    i.plotline                               0x00001a3c   Section        0  camera.o(i.plotline)
    i.put                                    0x00001a40   Section        0  project-main.o(i.put)
    i.servo_center                           0x00001a54   Section        0  motors.o(i.servo_center)
    i.servo_left                             0x00001a64   Section        0  motors.o(i.servo_left)
    i.servo_move                             0x00001a74   Section        0  motors.o(i.servo_move)
    i.servo_right                            0x00001a7c   Section        0  motors.o(i.servo_right)
    i.uart0_init                             0x00001a8c   Section        0  uart.o(i.uart0_init)
    i.uart0_put                              0x00001b00   Section        0  uart.o(i.uart0_put)
    i.uart0_putchar                          0x00001b14   Section        0  uart.o(i.uart0_putchar)
    i.uart2_getchar                          0x00001b24   Section        0  uart.o(i.uart2_getchar)
    i.uart2_init                             0x00001b3c   Section        0  uart.o(i.uart2_init)
    i.uart2_put                              0x00001bb8   Section        0  uart.o(i.uart2_put)
    i.uart2_putchar                          0x00001bcc   Section        0  uart.o(i.uart2_putchar)
    x$fpl$dadd                               0x00001be0   Section      336  daddsub_clz.o(x$fpl$dadd)
    $v0                                      0x00001be0   Number         0  daddsub_clz.o(x$fpl$dadd)
    _dadd1                                   0x00001bf1   Thumb Code     0  daddsub_clz.o(x$fpl$dadd)
    x$fpl$dcmpinf                            0x00001d30   Section       24  dcmpi.o(x$fpl$dcmpinf)
    $v0                                      0x00001d30   Number         0  dcmpi.o(x$fpl$dcmpinf)
    x$fpl$ddiv                               0x00001d48   Section      688  ddiv.o(x$fpl$ddiv)
    $v0                                      0x00001d48   Number         0  ddiv.o(x$fpl$ddiv)
    ddiv_entry                               0x00001d4f   Thumb Code     0  ddiv.o(x$fpl$ddiv)
    x$fpl$dfix                               0x00001ff8   Section       94  dfix.o(x$fpl$dfix)
    $v0                                      0x00001ff8   Number         0  dfix.o(x$fpl$dfix)
    x$fpl$dfixu                              0x00002058   Section       90  dfixu.o(x$fpl$dfixu)
    $v0                                      0x00002058   Number         0  dfixu.o(x$fpl$dfixu)
    x$fpl$dflt                               0x000020b2   Section       46  dflt_clz.o(x$fpl$dflt)
    $v0                                      0x000020b2   Number         0  dflt_clz.o(x$fpl$dflt)
    x$fpl$dfltu                              0x000020e0   Section       38  dflt_clz.o(x$fpl$dfltu)
    $v0                                      0x000020e0   Number         0  dflt_clz.o(x$fpl$dfltu)
    x$fpl$dleqf                              0x00002108   Section      120  dleqf.o(x$fpl$dleqf)
    $v0                                      0x00002108   Number         0  dleqf.o(x$fpl$dleqf)
    x$fpl$dmul                               0x00002180   Section      340  dmul.o(x$fpl$dmul)
    $v0                                      0x00002180   Number         0  dmul.o(x$fpl$dmul)
    x$fpl$dnaninf                            0x000022d4   Section      156  dnaninf.o(x$fpl$dnaninf)
    $v0                                      0x000022d4   Number         0  dnaninf.o(x$fpl$dnaninf)
    x$fpl$dretinf                            0x00002370   Section       12  dretinf.o(x$fpl$dretinf)
    $v0                                      0x00002370   Number         0  dretinf.o(x$fpl$dretinf)
    x$fpl$drleqf                             0x0000237c   Section      108  drleqf.o(x$fpl$drleqf)
    $v0                                      0x0000237c   Number         0  drleqf.o(x$fpl$drleqf)
    x$fpl$drsb                               0x000023e8   Section       22  daddsub_clz.o(x$fpl$drsb)
    $v0                                      0x000023e8   Number         0  daddsub_clz.o(x$fpl$drsb)
    x$fpl$dsub                               0x00002400   Section      468  daddsub_clz.o(x$fpl$dsub)
    $v0                                      0x00002400   Number         0  daddsub_clz.o(x$fpl$dsub)
    _dsub1                                   0x00002411   Thumb Code     0  daddsub_clz.o(x$fpl$dsub)
    x$fpl$fpinit                             0x000025d4   Section       10  fpinit.o(x$fpl$fpinit)
    $v0                                      0x000025d4   Number         0  fpinit.o(x$fpl$fpinit)
    x$fpl$usenofp                            0x000025de   Section        0  usenofp.o(x$fpl$usenofp)
    .constdata                               0x000025e0   Section     1520  oled.o(.constdata)
    .data                                    0x20000000   Section       32  camera.o(.data)
    .data                                    0x20000020   Section        2  camera.o(.data)
    .data                                    0x20000024   Section        8  controlpins.o(.data)
    pixelCounter                             0x20000028   Data           4  controlpins.o(.data)
    .data                                    0x2000002c   Section        4  i2c.o(.data)
    .data                                    0x20000030   Section       32  motors.o(.data)
    .data                                    0x20000050   Section       14  project-main.o(.data)
    .data                                    0x20000060   Section        8  oled.o(.data)
    .data                                    0x20000068   Section        8  systicktimer.o(.data)
    .data                                    0x20000070   Section       20  timer32.o(.data)
    timer1Period                             0x2000007c   Data           4  timer32.o(.data)
    timer2Period                             0x20000080   Data           4  timer32.o(.data)
    .data                                    0x20000084   Section        4  system_msp432p401r.o(.data)
    .bss                                     0x20000088   Section      512  camera.o(.bss)
    .bss                                     0x20000288   Section      256  controlpins.o(.bss)
    .bss                                     0x20000388   Section     3132  oled.o(.bss)
    .bss                                     0x20000fc4   Section       40  timera.o(.bss)
    DEFAULT_PERIOD_A0                        0x20000fc4   Data          20  timera.o(.bss)
    DEFAULT_PERIOD_A2                        0x20000fd8   Data          20  timera.o(.bss)
    .bss                                     0x20000fec   Section       96  libspace.o(.bss)
    HEAP                                     0x20001050   Section     4096  startup_msp432p401r_uvision.o(HEAP)
    Heap_Mem                                 0x20001050   Data        4096  startup_msp432p401r_uvision.o(HEAP)
    STACK                                    0x20002050   Section      512  startup_msp432p401r_uvision.o(STACK)
    Stack_Mem                                0x20002050   Data         512  startup_msp432p401r_uvision.o(STACK)
    __initial_sp                             0x20002250   Data           0  startup_msp432p401r_uvision.o(STACK)

    Global Symbols

    Symbol Name                              Value     Ov Type        Size  Object(Section)

    BuildAttributes$$THM_ISAv4$E$P$D$K$B$S$7EM$VFPi3$EXTD16$VFPS$VFMA$PE$A:L22UL41UL21$X:L11$S22US41US21$IEEE1$IW$USESV6$~STKCKD$USESV7$~SHL$OTIME$ROPI$IEEEJ$EBA8$UX$STANDARDLIB$REQ8$PRES8$EABIv2 0x00000000   Number         0  anon$$obj.o ABSOLUTE
    __ARM_use_no_argv                        0x00000000   Number         0  project-main.o ABSOLUTE
    __Vectors                                0x00000000   Data           4  startup_msp432p401r_uvision.o(RESET)
    __ARM_exceptions_init                     - Undefined Weak Reference
    __alloca_initialize                       - Undefined Weak Reference
    __arm_fini_                               - Undefined Weak Reference
    __arm_preinit_                            - Undefined Weak Reference
    __cpp_initialize__aeabi_                  - Undefined Weak Reference
    __cxa_finalize                            - Undefined Weak Reference
    __rt_locale                               - Undefined Weak Reference
    __sigvec_lookup                           - Undefined Weak Reference
    _atexit_init                              - Undefined Weak Reference
    _call_atexit_fns                          - Undefined Weak Reference
    _clock_init                               - Undefined Weak Reference
    _fp_trap_init                             - Undefined Weak Reference
    _fp_trap_shutdown                         - Undefined Weak Reference
    _get_lc_collate                           - Undefined Weak Reference
    _get_lc_ctype                             - Undefined Weak Reference
    _get_lc_monetary                          - Undefined Weak Reference
    _get_lc_numeric                           - Undefined Weak Reference
    _get_lc_time                              - Undefined Weak Reference
    _getenv_init                              - Undefined Weak Reference
    _handle_redirection                       - Undefined Weak Reference
    _init_alloc                               - Undefined Weak Reference
    _init_user_alloc                          - Undefined Weak Reference
    _initio                                   - Undefined Weak Reference
    _rand_init                                - Undefined Weak Reference
    _signal_finish                            - Undefined Weak Reference
    _signal_init                              - Undefined Weak Reference
    _terminate_alloc                          - Undefined Weak Reference
    _terminate_user_alloc                     - Undefined Weak Reference
    _terminateio                              - Undefined Weak Reference
    __Vectors_End                            0x00000144   Data           0  startup_msp432p401r_uvision.o(RESET)
    __Vectors_Size                           0x00000144   Number         0  startup_msp432p401r_uvision.o ABSOLUTE
    __main                                   0x00000145   Thumb Code     8  __main.o(!!!main)
    __scatterload                            0x0000014d   Thumb Code     0  __scatter.o(!!!scatter)
    __scatterload_rt2                        0x0000014d   Thumb Code    44  __scatter.o(!!!scatter)
    __scatterload_rt2_thumb_only             0x0000014d   Thumb Code     0  __scatter.o(!!!scatter)
    __scatterload_null                       0x0000015b   Thumb Code     0  __scatter.o(!!!scatter)
    __scatterload_copy                       0x00000181   Thumb Code    26  __scatter_copy.o(!!handler_copy)
    __scatterload_zeroinit                   0x0000019d   Thumb Code    28  __scatter_zi.o(!!handler_zi)
    __rt_lib_init                            0x000001b9   Thumb Code     0  libinit.o(.ARM.Collect$$libinit$$00000000)
    __rt_lib_init_fp_1                       0x000001bb   Thumb Code     0  libinit2.o(.ARM.Collect$$libinit$$00000001)
    __rt_lib_init_alloca_1                   0x000001bf   Thumb Code     0  libinit2.o(.ARM.Collect$$libinit$$0000002E)
    __rt_lib_init_argv_1                     0x000001bf   Thumb Code     0  libinit2.o(.ARM.Collect$$libinit$$0000002C)
    __rt_lib_init_atexit_1                   0x000001bf   Thumb Code     0  libinit2.o(.ARM.Collect$$libinit$$0000001B)
    __rt_lib_init_clock_1                    0x000001bf   Thumb Code     0  libinit2.o(.ARM.Collect$$libinit$$00000021)
    __rt_lib_init_cpp_1                      0x000001bf   Thumb Code     0  libinit2.o(.ARM.Collect$$libinit$$00000032)
    __rt_lib_init_exceptions_1               0x000001bf   Thumb Code     0  libinit2.o(.ARM.Collect$$libinit$$00000030)
    __rt_lib_init_fp_trap_1                  0x000001bf   Thumb Code     0  libinit2.o(.ARM.Collect$$libinit$$0000001F)
    __rt_lib_init_getenv_1                   0x000001bf   Thumb Code     0  libinit2.o(.ARM.Collect$$libinit$$00000023)
    __rt_lib_init_heap_1                     0x000001bf   Thumb Code     0  libinit2.o(.ARM.Collect$$libinit$$0000000A)
    __rt_lib_init_lc_collate_1               0x000001bf   Thumb Code     0  libinit2.o(.ARM.Collect$$libinit$$00000011)
    __rt_lib_init_lc_ctype_1                 0x000001bf   Thumb Code     0  libinit2.o(.ARM.Collect$$libinit$$00000013)
    __rt_lib_init_lc_monetary_1              0x000001bf   Thumb Code     0  libinit2.o(.ARM.Collect$$libinit$$00000015)
    __rt_lib_init_lc_numeric_1               0x000001bf   Thumb Code     0  libinit2.o(.ARM.Collect$$libinit$$00000017)
    __rt_lib_init_lc_time_1                  0x000001bf   Thumb Code     0  libinit2.o(.ARM.Collect$$libinit$$00000019)
    __rt_lib_init_preinit_1                  0x000001bf   Thumb Code     0  libinit2.o(.ARM.Collect$$libinit$$00000004)
    __rt_lib_init_rand_1                     0x000001bf   Thumb Code     0  libinit2.o(.ARM.Collect$$libinit$$0000000E)
    __rt_lib_init_return                     0x000001bf   Thumb Code     0  libinit2.o(.ARM.Collect$$libinit$$00000033)
    __rt_lib_init_signal_1                   0x000001bf   Thumb Code     0  libinit2.o(.ARM.Collect$$libinit$$0000001D)
    __rt_lib_init_stdio_1                    0x000001bf   Thumb Code     0  libinit2.o(.ARM.Collect$$libinit$$00000025)
    __rt_lib_init_user_alloc_1               0x000001bf   Thumb Code     0  libinit2.o(.ARM.Collect$$libinit$$0000000C)
    __rt_lib_shutdown                        0x000001c1   Thumb Code     0  libshutdown.o(.ARM.Collect$$libshutdown$$00000000)
    __rt_lib_shutdown_cpp_1                  0x000001c3   Thumb Code     0  libshutdown2.o(.ARM.Collect$$libshutdown$$00000004)
    __rt_lib_shutdown_fini_1                 0x000001c3   Thumb Code     0  libshutdown2.o(.ARM.Collect$$libshutdown$$00000002)
    __rt_lib_shutdown_fp_trap_1              0x000001c3   Thumb Code     0  libshutdown2.o(.ARM.Collect$$libshutdown$$00000009)
    __rt_lib_shutdown_heap_1                 0x000001c3   Thumb Code     0  libshutdown2.o(.ARM.Collect$$libshutdown$$00000011)
    __rt_lib_shutdown_return                 0x000001c3   Thumb Code     0  libshutdown2.o(.ARM.Collect$$libshutdown$$00000012)
    __rt_lib_shutdown_signal_1               0x000001c3   Thumb Code     0  libshutdown2.o(.ARM.Collect$$libshutdown$$0000000C)
    __rt_lib_shutdown_stdio_1                0x000001c3   Thumb Code     0  libshutdown2.o(.ARM.Collect$$libshutdown$$00000006)
    __rt_lib_shutdown_user_alloc_1           0x000001c3   Thumb Code     0  libshutdown2.o(.ARM.Collect$$libshutdown$$0000000E)
    __rt_entry                               0x000001c5   Thumb Code     0  __rtentry.o(.ARM.Collect$$rtentry$$00000000)
    __rt_entry_presh_1                       0x000001c5   Thumb Code     0  __rtentry2.o(.ARM.Collect$$rtentry$$00000002)
    __rt_entry_sh                            0x000001c5   Thumb Code     0  __rtentry4.o(.ARM.Collect$$rtentry$$00000004)
    __rt_entry_li                            0x000001cb   Thumb Code     0  __rtentry2.o(.ARM.Collect$$rtentry$$0000000A)
    __rt_entry_postsh_1                      0x000001cb   Thumb Code     0  __rtentry2.o(.ARM.Collect$$rtentry$$00000009)
    __rt_entry_main                          0x000001cf   Thumb Code     0  __rtentry2.o(.ARM.Collect$$rtentry$$0000000D)
    __rt_entry_postli_1                      0x000001cf   Thumb Code     0  __rtentry2.o(.ARM.Collect$$rtentry$$0000000C)
    __rt_exit                                0x000001d7   Thumb Code     0  rtexit.o(.ARM.Collect$$rtexit$$00000000)
    __rt_exit_ls                             0x000001d9   Thumb Code     0  rtexit2.o(.ARM.Collect$$rtexit$$00000003)
    __rt_exit_prels_1                        0x000001d9   Thumb Code     0  rtexit2.o(.ARM.Collect$$rtexit$$00000002)
    __rt_exit_exit                           0x000001dd   Thumb Code     0  rtexit2.o(.ARM.Collect$$rtexit$$00000004)
    DisableInterrupts                        0x000001e5   Thumb Code     4  cortexm.o(.emb_text)
    EnableInterrupts                         0x000001e9   Thumb Code     4  cortexm.o(.emb_text)
    StartCritical                            0x000001ed   Thumb Code     8  cortexm.o(.emb_text)
    EndCritical                              0x000001f5   Thumb Code     6  cortexm.o(.emb_text)
    WaitForInterrupt                         0x000001fb   Thumb Code     4  cortexm.o(.emb_text)
    delay                                    0x000001ff   Thumb Code     6  cortexm.o(.emb_text)
    Reset_Handler                            0x00000205   Thumb Code     8  startup_msp432p401r_uvision.o(.text)
    NMI_Handler                              0x0000020d   Thumb Code     2  startup_msp432p401r_uvision.o(.text)
    HardFault_Handler                        0x0000020f   Thumb Code     2  startup_msp432p401r_uvision.o(.text)
    MemManage_Handler                        0x00000211   Thumb Code     2  startup_msp432p401r_uvision.o(.text)
    BusFault_Handler                         0x00000213   Thumb Code     2  startup_msp432p401r_uvision.o(.text)
    UsageFault_Handler                       0x00000215   Thumb Code     2  startup_msp432p401r_uvision.o(.text)
    SVC_Handler                              0x00000217   Thumb Code     2  startup_msp432p401r_uvision.o(.text)
    DebugMon_Handler                         0x00000219   Thumb Code     2  startup_msp432p401r_uvision.o(.text)
    PendSV_Handler                           0x0000021b   Thumb Code     2  startup_msp432p401r_uvision.o(.text)
    ADC14_IRQHandler                         0x0000021f   Thumb Code     0  startup_msp432p401r_uvision.o(.text)
    AES256_IRQHandler                        0x0000021f   Thumb Code     0  startup_msp432p401r_uvision.o(.text)
    COMP_E0_IRQHandler                       0x0000021f   Thumb Code     0  startup_msp432p401r_uvision.o(.text)
    COMP_E1_IRQHandler                       0x0000021f   Thumb Code     0  startup_msp432p401r_uvision.o(.text)
    CS_IRQHandler                            0x0000021f   Thumb Code     0  startup_msp432p401r_uvision.o(.text)
    DMA_ERR_IRQHandler                       0x0000021f   Thumb Code     0  startup_msp432p401r_uvision.o(.text)
    DMA_INT0_IRQHandler                      0x0000021f   Thumb Code     0  startup_msp432p401r_uvision.o(.text)
    DMA_INT1_IRQHandler                      0x0000021f   Thumb Code     0  startup_msp432p401r_uvision.o(.text)
    DMA_INT2_IRQHandler                      0x0000021f   Thumb Code     0  startup_msp432p401r_uvision.o(.text)
    DMA_INT3_IRQHandler                      0x0000021f   Thumb Code     0  startup_msp432p401r_uvision.o(.text)
    EUSCIA0_IRQHandler                       0x0000021f   Thumb Code     0  startup_msp432p401r_uvision.o(.text)
    EUSCIA1_IRQHandler                       0x0000021f   Thumb Code     0  startup_msp432p401r_uvision.o(.text)
    EUSCIA2_IRQHandler                       0x0000021f   Thumb Code     0  startup_msp432p401r_uvision.o(.text)
    EUSCIA3_IRQHandler                       0x0000021f   Thumb Code     0  startup_msp432p401r_uvision.o(.text)
    EUSCIB0_IRQHandler                       0x0000021f   Thumb Code     0  startup_msp432p401r_uvision.o(.text)
    EUSCIB1_IRQHandler                       0x0000021f   Thumb Code     0  startup_msp432p401r_uvision.o(.text)
    EUSCIB2_IRQHandler                       0x0000021f   Thumb Code     0  startup_msp432p401r_uvision.o(.text)
    EUSCIB3_IRQHandler                       0x0000021f   Thumb Code     0  startup_msp432p401r_uvision.o(.text)
    FLCTL_IRQHandler                         0x0000021f   Thumb Code     0  startup_msp432p401r_uvision.o(.text)
    FPU_IRQHandler                           0x0000021f   Thumb Code     0  startup_msp432p401r_uvision.o(.text)
    PCM_IRQHandler                           0x0000021f   Thumb Code     0  startup_msp432p401r_uvision.o(.text)
    PORT1_IRQHandler                         0x0000021f   Thumb Code     0  startup_msp432p401r_uvision.o(.text)
    PORT2_IRQHandler                         0x0000021f   Thumb Code     0  startup_msp432p401r_uvision.o(.text)
    PORT3_IRQHandler                         0x0000021f   Thumb Code     0  startup_msp432p401r_uvision.o(.text)
    PORT4_IRQHandler                         0x0000021f   Thumb Code     0  startup_msp432p401r_uvision.o(.text)
    PORT5_IRQHandler                         0x0000021f   Thumb Code     0  startup_msp432p401r_uvision.o(.text)
    PORT6_IRQHandler                         0x0000021f   Thumb Code     0  startup_msp432p401r_uvision.o(.text)
    PSS_IRQHandler                           0x0000021f   Thumb Code     0  startup_msp432p401r_uvision.o(.text)
    RTC_C_IRQHandler                         0x0000021f   Thumb Code     0  startup_msp432p401r_uvision.o(.text)
    T32_INTC_IRQHandler                      0x0000021f   Thumb Code     0  startup_msp432p401r_uvision.o(.text)
    TA0_0_IRQHandler                         0x0000021f   Thumb Code     0  startup_msp432p401r_uvision.o(.text)
    TA0_N_IRQHandler                         0x0000021f   Thumb Code     0  startup_msp432p401r_uvision.o(.text)
    TA1_0_IRQHandler                         0x0000021f   Thumb Code     0  startup_msp432p401r_uvision.o(.text)
    TA1_N_IRQHandler                         0x0000021f   Thumb Code     0  startup_msp432p401r_uvision.o(.text)
    TA2_0_IRQHandler                         0x0000021f   Thumb Code     0  startup_msp432p401r_uvision.o(.text)
    TA2_N_IRQHandler                         0x0000021f   Thumb Code     0  startup_msp432p401r_uvision.o(.text)
    TA3_0_IRQHandler                         0x0000021f   Thumb Code     0  startup_msp432p401r_uvision.o(.text)
    TA3_N_IRQHandler                         0x0000021f   Thumb Code     0  startup_msp432p401r_uvision.o(.text)
    WDT_A_IRQHandler                         0x0000021f   Thumb Code     0  startup_msp432p401r_uvision.o(.text)
    __user_initial_stackheap                 0x00000221   Thumb Code    10  startup_msp432p401r_uvision.o(.text)
    strlen                                   0x00000245   Thumb Code    62  strlen.o(.text)
    __aeabi_memcpy4                          0x00000283   Thumb Code     0  rt_memcpy_w.o(.text)
    __aeabi_memcpy8                          0x00000283   Thumb Code     0  rt_memcpy_w.o(.text)
    __rt_memcpy_w                            0x00000283   Thumb Code   100  rt_memcpy_w.o(.text)
    _memcpy_lastbytes_aligned                0x000002cb   Thumb Code     0  rt_memcpy_w.o(.text)
    __aeabi_memclr                           0x000002e7   Thumb Code     0  rt_memclr.o(.text)
    __rt_memclr                              0x000002e7   Thumb Code    68  rt_memclr.o(.text)
    _memset                                  0x000002eb   Thumb Code     0  rt_memclr.o(.text)
    __use_two_region_memory                  0x0000032b   Thumb Code     2  heapauxi.o(.text)
    __rt_heap_escrow$2region                 0x0000032d   Thumb Code     2  heapauxi.o(.text)
    __rt_heap_expand$2region                 0x0000032f   Thumb Code     2  heapauxi.o(.text)
    __aeabi_memclr4                          0x00000331   Thumb Code     0  rt_memclr_w.o(.text)
    __aeabi_memclr8                          0x00000331   Thumb Code     0  rt_memclr_w.o(.text)
    __rt_memclr_w                            0x00000331   Thumb Code    78  rt_memclr_w.o(.text)
    _memset_w                                0x00000335   Thumb Code     0  rt_memclr_w.o(.text)
    __user_setup_stackheap                   0x0000037f   Thumb Code    74  sys_stackheap_outer.o(.text)
    exit                                     0x000003c9   Thumb Code    18  exit.o(.text)
    __user_libspace                          0x000003dd   Thumb Code     8  libspace.o(.text)
    __user_perproc_libspace                  0x000003dd   Thumb Code     0  libspace.o(.text)
    __user_perthread_libspace                0x000003dd   Thumb Code     0  libspace.o(.text)
    _sys_exit                                0x000003e5   Thumb Code     8  sys_exit.o(.text)
    __I$use$semihosting                      0x000003f1   Thumb Code     0  use_no_semi.o(.text)
    __use_no_semihosting_swi                 0x000003f1   Thumb Code     2  use_no_semi.o(.text)
    __semihosting_library_function           0x000003f3   Thumb Code     0  indicate_semi.o(.text)
    ADC0_InitSWTriggerCh6                    0x000003f5   Thumb Code    74  adc14.o(i.ADC0_InitSWTriggerCh6)
    ADC_In                                   0x00000451   Thumb Code    30  adc14.o(i.ADC_In)
    CLK_Handler                              0x00000475   Thumb Code    54  controlpins.o(i.CLK_Handler)
    CalcPeriodFromFrequency                  0x000004b9   Thumb Code    54  timer32.o(i.CalcPeriodFromFrequency)
    ControlPin_CLK_Init                      0x000004fd   Thumb Code    80  controlpins.o(i.ControlPin_CLK_Init)
    ControlPin_SI_Init                       0x0000055d   Thumb Code    74  controlpins.o(i.ControlPin_SI_Init)
    DisableSysTickTimer                      0x000005b9   Thumb Code    14  systicktimer.o(i.DisableSysTickTimer)
    EnableSysTickTimer                       0x000005c7   Thumb Code    30  systicktimer.o(i.EnableSysTickTimer)
    INIT_Camera                              0x000005e5   Thumb Code    24  camera.o(i.INIT_Camera)
    LED1_Init                                0x00000601   Thumb Code    54  lab1.o(i.LED1_Init)
    LED1_Off                                 0x0000063d   Thumb Code    12  lab1.o(i.LED1_Off)
    LED1_On                                  0x0000064d   Thumb Code    12  lab1.o(i.LED1_On)
    LED2_Init                                0x0000065d   Thumb Code   116  lab1.o(i.LED2_Init)
    LED2_Off                                 0x000006d5   Thumb Code    28  lab1.o(i.LED2_Off)
    LED2_White                               0x000006f5   Thumb Code    28  lab1.o(i.LED2_White)
    OLED_Camera_Debug                        0x00000715   Thumb Code    28  project-main.o(i.OLED_Camera_Debug)
    OLED_DisplayCameraData                   0x0000073d   Thumb Code     4  oled.o(i.OLED_DisplayCameraData)
    OLED_Init                                0x00000741   Thumb Code   282  oled.o(i.OLED_Init)
    OLED_Print                               0x00000865   Thumb Code    26  oled.o(i.OLED_Print)
    OLED_display_clear                       0x00000889   Thumb Code    22  oled.o(i.OLED_display_clear)
    OLED_display_off                         0x000008a5   Thumb Code     6  oled.o(i.OLED_display_off)
    OLED_draw                                0x000008ad   Thumb Code    72  oled.o(i.OLED_draw)
    OLED_draw_line                           0x000008fd   Thumb Code    42  oled.o(i.OLED_draw_line)
    OLED_sendCommand                         0x00000927   Thumb Code    22  oled.o(i.OLED_sendCommand)
    OLED_sendData                            0x0000093d   Thumb Code    40  oled.o(i.OLED_sendData)
    OLED_write_display                       0x00000965   Thumb Code    36  oled.o(i.OLED_write_display)
    SI_Handler                               0x00000989   Thumb Code    52  controlpins.o(i.SI_Handler)
    Switch1_Pressed                          0x000009c1   Thumb Code    14  lab1.o(i.Switch1_Pressed)
    Switch2_Pressed                          0x000009d5   Thumb Code    14  lab1.o(i.Switch2_Pressed)
    Switches_Init                            0x000009e9   Thumb Code    94  lab1.o(i.Switches_Init)
    SysTickTimer_Init                        0x00000a4d   Thumb Code    64  systicktimer.o(i.SysTickTimer_Init)
    SysTick_Handler                          0x00000a95   Thumb Code    12  systicktimer.o(i.SysTick_Handler)
    SystemInit                               0x00000aa5   Thumb Code   118  system_msp432p401r.o(i.SystemInit)
    T32_INT1_IRQHandler                      0x00000b39   Thumb Code    22  timer32.o(i.T32_INT1_IRQHandler)
    T32_INT2_IRQHandler                      0x00000b59   Thumb Code    22  timer32.o(i.T32_INT2_IRQHandler)
    TIMER_A0_PWM_DutyCycle                   0x00000b79   Thumb Code    52  timera.o(i.TIMER_A0_PWM_DutyCycle)
    TIMER_A0_PWM_Init                        0x00000bb1   Thumb Code   202  timera.o(i.TIMER_A0_PWM_Init)
    TIMER_A2_PWM_DutyCycle                   0x00000c85   Thumb Code    54  timera.o(i.TIMER_A2_PWM_DutyCycle)
    TIMER_A2_PWM_Init                        0x00000cc1   Thumb Code   118  timera.o(i.TIMER_A2_PWM_Init)
    Timer32_1_Init                           0x00000d49   Thumb Code    86  timer32.o(i.Timer32_1_Init)
    __hardfp_floor                           0x00000db1   Thumb Code   252  floor.o(i.__hardfp_floor)
    bin_plotline                             0x00000ec9   Thumb Code    56  camera.o(i.bin_plotline)
    calibrate_center                         0x00000f05   Thumb Code    54  camera.o(i.calibrate_center)
    camera_calibration                       0x00000f49   Thumb Code   122  camera.o(i.camera_calibration)
    car_startup                              0x00000fd1   Thumb Code   284  project-main.o(i.car_startup)
    draw_1d_data                             0x0000118d   Thumb Code   116  oled.o(i.draw_1d_data)
    driveMotors_init                         0x0000120d   Thumb Code   126  motors.o(i.driveMotors_init)
    driveMotors_setSpeed                     0x0000129d   Thumb Code   204  motors.o(i.driveMotors_setSpeed)
    driveMotors_stop                         0x0000137d   Thumb Code    84  motors.o(i.driveMotors_stop)
    edge_detection                           0x000013dd   Thumb Code   172  camera.o(i.edge_detection)
    get_gain                                 0x0000149d   Thumb Code    56  project-main.o(i.get_gain)
    i2c0_Init                                0x000014dd   Thumb Code   168  i2c.o(i.i2c0_Init)
    i2c0_put                                 0x00001595   Thumb Code    74  i2c.o(i.i2c0_put)
    isOffTrack                               0x000015e9   Thumb Code    40  camera.o(i.isOffTrack)
    main                                     0x00001619   Thumb Code   318  project-main.o(i.main)
    ms_delay                                 0x00001849   Thumb Code    30  camera.o(i.ms_delay)
    new_steering_adjust                      0x00001869   Thumb Code   244  project-main.o(i.new_steering_adjust)
    parsedata                                0x000019bd   Thumb Code   112  camera.o(i.parsedata)
    plotline                                 0x00001a3d   Thumb Code     4  camera.o(i.plotline)
    put                                      0x00001a41   Thumb Code    18  project-main.o(i.put)
    servo_center                             0x00001a55   Thumb Code    12  motors.o(i.servo_center)
    servo_left                               0x00001a65   Thumb Code    12  motors.o(i.servo_left)
    servo_move                               0x00001a75   Thumb Code     6  motors.o(i.servo_move)
    servo_right                              0x00001a7d   Thumb Code    12  motors.o(i.servo_right)
    uart0_init                               0x00001a8d   Thumb Code   102  uart.o(i.uart0_init)
    uart0_put                                0x00001b01   Thumb Code    20  uart.o(i.uart0_put)
    uart0_putchar                            0x00001b15   Thumb Code    12  uart.o(i.uart0_putchar)
    uart2_getchar                            0x00001b25   Thumb Code    18  uart.o(i.uart2_getchar)
    uart2_init                               0x00001b3d   Thumb Code   110  uart.o(i.uart2_init)
    uart2_put                                0x00001bb9   Thumb Code    20  uart.o(i.uart2_put)
    uart2_putchar                            0x00001bcd   Thumb Code    16  uart.o(i.uart2_putchar)
    __aeabi_dadd                             0x00001be1   Thumb Code     0  daddsub_clz.o(x$fpl$dadd)
    _dadd                                    0x00001be1   Thumb Code   332  daddsub_clz.o(x$fpl$dadd)
    __fpl_dcmp_Inf                           0x00001d31   Thumb Code    24  dcmpi.o(x$fpl$dcmpinf)
    __aeabi_ddiv                             0x00001d49   Thumb Code     0  ddiv.o(x$fpl$ddiv)
    _ddiv                                    0x00001d49   Thumb Code   552  ddiv.o(x$fpl$ddiv)
    __aeabi_d2iz                             0x00001ff9   Thumb Code     0  dfix.o(x$fpl$dfix)
    _dfix                                    0x00001ff9   Thumb Code    94  dfix.o(x$fpl$dfix)
    __aeabi_d2uiz                            0x00002059   Thumb Code     0  dfixu.o(x$fpl$dfixu)
    _dfixu                                   0x00002059   Thumb Code    90  dfixu.o(x$fpl$dfixu)
    __aeabi_i2d                              0x000020b3   Thumb Code     0  dflt_clz.o(x$fpl$dflt)
    _dflt                                    0x000020b3   Thumb Code    46  dflt_clz.o(x$fpl$dflt)
    __aeabi_ui2d                             0x000020e1   Thumb Code     0  dflt_clz.o(x$fpl$dfltu)
    _dfltu                                   0x000020e1   Thumb Code    38  dflt_clz.o(x$fpl$dfltu)
    __aeabi_cdcmple                          0x00002109   Thumb Code     0  dleqf.o(x$fpl$dleqf)
    _dcmple                                  0x00002109   Thumb Code   120  dleqf.o(x$fpl$dleqf)
    __fpl_dcmple_InfNaN                      0x0000216b   Thumb Code     0  dleqf.o(x$fpl$dleqf)
    __aeabi_dmul                             0x00002181   Thumb Code     0  dmul.o(x$fpl$dmul)
    _dmul                                    0x00002181   Thumb Code   332  dmul.o(x$fpl$dmul)
    __fpl_dnaninf                            0x000022d5   Thumb Code   156  dnaninf.o(x$fpl$dnaninf)
    __fpl_dretinf                            0x00002371   Thumb Code    12  dretinf.o(x$fpl$dretinf)
    __aeabi_cdrcmple                         0x0000237d   Thumb Code     0  drleqf.o(x$fpl$drleqf)
    _drcmple                                 0x0000237d   Thumb Code   108  drleqf.o(x$fpl$drleqf)
    __aeabi_drsub                            0x000023e9   Thumb Code     0  daddsub_clz.o(x$fpl$drsb)
    _drsb                                    0x000023e9   Thumb Code    22  daddsub_clz.o(x$fpl$drsb)
    __aeabi_dsub                             0x00002401   Thumb Code     0  daddsub_clz.o(x$fpl$dsub)
    _dsub                                    0x00002401   Thumb Code   464  daddsub_clz.o(x$fpl$dsub)
    _fp_init                                 0x000025d5   Thumb Code    10  fpinit.o(x$fpl$fpinit)
    __fplib_config_fpu_vfp                   0x000025dd   Thumb Code     0  fpinit.o(x$fpl$fpinit)
    __fplib_config_pureend_doubles           0x000025dd   Thumb Code     0  fpinit.o(x$fpl$fpinit)
    __I$use$fp                               0x000025de   Number         0  usenofp.o(x$fpl$usenofp)
    Region$$Table$$Base                      0x00002bd0   Number         0  anon$$obj.o(Region$$Table)
    Region$$Table$$Limit                     0x00002bf0   Number         0  anon$$obj.o(Region$$Table)
    center_leftlimit                         0x20000000   Data           4  camera.o(.data)
    center_rightlimit                        0x20000004   Data           4  camera.o(.data)
    j                                        0x20000008   Data           4  camera.o(.data)
    absolute_white                           0x20000010   Data           8  camera.o(.data)
    absolute_dark                            0x20000018   Data           8  camera.o(.data)
    OLED_Output                              0x20000020   Data           2  camera.o(.data)
    g_sendData                               0x20000024   Data           1  controlpins.o(.data)
    i                                        0x2000002c   Data           4  i2c.o(.data)
    DC_right_forward                         0x20000030   Data           2  motors.o(.data)
    DC_right_reverse                         0x20000032   Data           2  motors.o(.data)
    DC_left_forward                          0x20000034   Data           2  motors.o(.data)
    DC_left_reverse                          0x20000036   Data           2  motors.o(.data)
    servo_state_center                       0x20000038   Data           8  motors.o(.data)
    servo_limit_left                         0x20000040   Data           8  motors.o(.data)
    servo_limit_right                        0x20000048   Data           8  motors.o(.data)
    printCameraOutput                        0x20000050   Data           1  project-main.o(.data)
    phone_count                              0x20000054   Data           4  project-main.o(.data)
    phone_input                              0x20000058   Data           6  project-main.o(.data)
    DisplayCameraData                        0x20000060   Data           1  oled.o(.data)
    textIndex                                0x20000064   Data           4  oled.o(.data)
    g_SysTickTimerCounter                    0x20000068   Data           4  systicktimer.o(.data)
    SysTickPeriodicTask                      0x2000006c   Data           4  systicktimer.o(.data)
    timeOut                                  0x20000070   Data           1  timer32.o(.data)
    Timer32_1_PeriodicTask                   0x20000074   Data           4  timer32.o(.data)
    Timer32_2_PeriodicTask                   0x20000078   Data           4  timer32.o(.data)
    SystemCoreClock                          0x20000084   Data           4  system_msp432p401r.o(.data)
    smoothline                               0x20000088   Data         256  camera.o(.bss)
    binline                                  0x20000188   Data         256  camera.o(.bss)
    line                                     0x20000288   Data         256  controlpins.o(.bss)
    OLED_clr_data                            0x20000388   Data        1024  oled.o(.bss)
    OLED_TEXT_ARR                            0x20000788   Data        1024  oled.o(.bss)
    OLED_GRAPH_ARR                           0x20000b88   Data        1024  oled.o(.bss)
    text                                     0x20000f88   Data          60  oled.o(.bss)
    __libspace_start                         0x20000fec   Data          96  libspace.o(.bss)
    __temporary_stack_top$libspace           0x2000104c   Data           0  libspace.o(.bss)



==============================================================================

Memory Map of the image

  Image Entry point : 0x00000205

  Load Region LR_1 (Base: 0x00000000, Size: 0x00002c78, Max: 0xffffffff, ABSOLUTE)

    Execution Region ER_RO (Exec base: 0x00000000, Load base: 0x00000000, Size: 0x00002bf0, Max: 0xffffffff, ABSOLUTE)

    Exec Addr    Load Addr    Size         Type   Attr      Idx    E Section Name        Object

    0x00000000   0x00000000   0x00000144   Data   RO          905    RESET               startup_msp432p401r_uvision.o
    0x00000144   0x00000144   0x00000008   Code   RO          956  * !!!main             c_w.l(__main.o)
    0x0000014c   0x0000014c   0x00000034   Code   RO         1160    !!!scatter          c_w.l(__scatter.o)
    0x00000180   0x00000180   0x0000001a   Code   RO         1162    !!handler_copy      c_w.l(__scatter_copy.o)
    0x0000019a   0x0000019a   0x00000002   PAD
    0x0000019c   0x0000019c   0x0000001c   Code   RO         1164    !!handler_zi        c_w.l(__scatter_zi.o)
    0x000001b8   0x000001b8   0x00000002   Code   RO         1028    .ARM.Collect$$libinit$$00000000  c_w.l(libinit.o)
    0x000001ba   0x000001ba   0x00000004   Code   RO         1034    .ARM.Collect$$libinit$$00000001  c_w.l(libinit2.o)
    0x000001be   0x000001be   0x00000000   Code   RO         1037    .ARM.Collect$$libinit$$00000004  c_w.l(libinit2.o)
    0x000001be   0x000001be   0x00000000   Code   RO         1040    .ARM.Collect$$libinit$$0000000A  c_w.l(libinit2.o)
    0x000001be   0x000001be   0x00000000   Code   RO         1042    .ARM.Collect$$libinit$$0000000C  c_w.l(libinit2.o)
    0x000001be   0x000001be   0x00000000   Code   RO         1044    .ARM.Collect$$libinit$$0000000E  c_w.l(libinit2.o)
    0x000001be   0x000001be   0x00000000   Code   RO         1047    .ARM.Collect$$libinit$$00000011  c_w.l(libinit2.o)
    0x000001be   0x000001be   0x00000000   Code   RO         1049    .ARM.Collect$$libinit$$00000013  c_w.l(libinit2.o)
    0x000001be   0x000001be   0x00000000   Code   RO         1051    .ARM.Collect$$libinit$$00000015  c_w.l(libinit2.o)
    0x000001be   0x000001be   0x00000000   Code   RO         1053    .ARM.Collect$$libinit$$00000017  c_w.l(libinit2.o)
    0x000001be   0x000001be   0x00000000   Code   RO         1055    .ARM.Collect$$libinit$$00000019  c_w.l(libinit2.o)
    0x000001be   0x000001be   0x00000000   Code   RO         1057    .ARM.Collect$$libinit$$0000001B  c_w.l(libinit2.o)
    0x000001be   0x000001be   0x00000000   Code   RO         1059    .ARM.Collect$$libinit$$0000001D  c_w.l(libinit2.o)
    0x000001be   0x000001be   0x00000000   Code   RO         1061    .ARM.Collect$$libinit$$0000001F  c_w.l(libinit2.o)
    0x000001be   0x000001be   0x00000000   Code   RO         1063    .ARM.Collect$$libinit$$00000021  c_w.l(libinit2.o)
    0x000001be   0x000001be   0x00000000   Code   RO         1065    .ARM.Collect$$libinit$$00000023  c_w.l(libinit2.o)
    0x000001be   0x000001be   0x00000000   Code   RO         1067    .ARM.Collect$$libinit$$00000025  c_w.l(libinit2.o)
    0x000001be   0x000001be   0x00000000   Code   RO         1071    .ARM.Collect$$libinit$$0000002C  c_w.l(libinit2.o)
    0x000001be   0x000001be   0x00000000   Code   RO         1073    .ARM.Collect$$libinit$$0000002E  c_w.l(libinit2.o)
    0x000001be   0x000001be   0x00000000   Code   RO         1075    .ARM.Collect$$libinit$$00000030  c_w.l(libinit2.o)
    0x000001be   0x000001be   0x00000000   Code   RO         1077    .ARM.Collect$$libinit$$00000032  c_w.l(libinit2.o)
    0x000001be   0x000001be   0x00000002   Code   RO         1078    .ARM.Collect$$libinit$$00000033  c_w.l(libinit2.o)
    0x000001c0   0x000001c0   0x00000002   Code   RO         1098    .ARM.Collect$$libshutdown$$00000000  c_w.l(libshutdown.o)
    0x000001c2   0x000001c2   0x00000000   Code   RO         1111    .ARM.Collect$$libshutdown$$00000002  c_w.l(libshutdown2.o)
    0x000001c2   0x000001c2   0x00000000   Code   RO         1113    .ARM.Collect$$libshutdown$$00000004  c_w.l(libshutdown2.o)
    0x000001c2   0x000001c2   0x00000000   Code   RO         1115    .ARM.Collect$$libshutdown$$00000006  c_w.l(libshutdown2.o)
    0x000001c2   0x000001c2   0x00000000   Code   RO         1118    .ARM.Collect$$libshutdown$$00000009  c_w.l(libshutdown2.o)
    0x000001c2   0x000001c2   0x00000000   Code   RO         1121    .ARM.Collect$$libshutdown$$0000000C  c_w.l(libshutdown2.o)
    0x000001c2   0x000001c2   0x00000000   Code   RO         1123    .ARM.Collect$$libshutdown$$0000000E  c_w.l(libshutdown2.o)
    0x000001c2   0x000001c2   0x00000000   Code   RO         1126    .ARM.Collect$$libshutdown$$00000011  c_w.l(libshutdown2.o)
    0x000001c2   0x000001c2   0x00000002   Code   RO         1127    .ARM.Collect$$libshutdown$$00000012  c_w.l(libshutdown2.o)
    0x000001c4   0x000001c4   0x00000000   Code   RO          994    .ARM.Collect$$rtentry$$00000000  c_w.l(__rtentry.o)
    0x000001c4   0x000001c4   0x00000000   Code   RO         1005    .ARM.Collect$$rtentry$$00000002  c_w.l(__rtentry2.o)
    0x000001c4   0x000001c4   0x00000006   Code   RO         1017    .ARM.Collect$$rtentry$$00000004  c_w.l(__rtentry4.o)
    0x000001ca   0x000001ca   0x00000000   Code   RO         1007    .ARM.Collect$$rtentry$$00000009  c_w.l(__rtentry2.o)
    0x000001ca   0x000001ca   0x00000004   Code   RO         1008    .ARM.Collect$$rtentry$$0000000A  c_w.l(__rtentry2.o)
    0x000001ce   0x000001ce   0x00000000   Code   RO         1010    .ARM.Collect$$rtentry$$0000000C  c_w.l(__rtentry2.o)
    0x000001ce   0x000001ce   0x00000008   Code   RO         1011    .ARM.Collect$$rtentry$$0000000D  c_w.l(__rtentry2.o)
    0x000001d6   0x000001d6   0x00000002   Code   RO         1032    .ARM.Collect$$rtexit$$00000000  c_w.l(rtexit.o)
    0x000001d8   0x000001d8   0x00000000   Code   RO         1080    .ARM.Collect$$rtexit$$00000002  c_w.l(rtexit2.o)
    0x000001d8   0x000001d8   0x00000004   Code   RO         1081    .ARM.Collect$$rtexit$$00000003  c_w.l(rtexit2.o)
    0x000001dc   0x000001dc   0x00000006   Code   RO         1082    .ARM.Collect$$rtexit$$00000004  c_w.l(rtexit2.o)
    0x000001e2   0x000001e2   0x00000002   PAD
    0x000001e4   0x000001e4   0x00000020   Code   RO          249    .emb_text           cortexm.o
    0x00000204   0x00000204   0x00000040   Code   RO          906  * .text               startup_msp432p401r_uvision.o
    0x00000244   0x00000244   0x0000003e   Code   RO          948    .text               c_w.l(strlen.o)
    0x00000282   0x00000282   0x00000064   Code   RO          950    .text               c_w.l(rt_memcpy_w.o)
    0x000002e6   0x000002e6   0x00000044   Code   RO          952    .text               c_w.l(rt_memclr.o)
    0x0000032a   0x0000032a   0x00000006   Code   RO          954    .text               c_w.l(heapauxi.o)
    0x00000330   0x00000330   0x0000004e   Code   RO          995    .text               c_w.l(rt_memclr_w.o)
    0x0000037e   0x0000037e   0x0000004a   Code   RO         1019    .text               c_w.l(sys_stackheap_outer.o)
    0x000003c8   0x000003c8   0x00000012   Code   RO         1021    .text               c_w.l(exit.o)
    0x000003da   0x000003da   0x00000002   PAD
    0x000003dc   0x000003dc   0x00000008   Code   RO         1029    .text               c_w.l(libspace.o)
    0x000003e4   0x000003e4   0x0000000c   Code   RO         1090    .text               c_w.l(sys_exit.o)
    0x000003f0   0x000003f0   0x00000002   Code   RO         1101    .text               c_w.l(use_no_semi.o)
    0x000003f2   0x000003f2   0x00000000   Code   RO         1103    .text               c_w.l(indicate_semi.o)
    0x000003f2   0x000003f2   0x00000002   PAD
    0x000003f4   0x000003f4   0x0000005c   Code   RO            4    i.ADC0_InitSWTriggerCh6  adc14.o
    0x00000450   0x00000450   0x00000024   Code   RO            5    i.ADC_In            adc14.o
    0x00000474   0x00000474   0x00000044   Code   RO          199    i.CLK_Handler       controlpins.o
    0x000004b8   0x000004b8   0x00000044   Code   RO          771    i.CalcPeriodFromFrequency  timer32.o
    0x000004fc   0x000004fc   0x00000060   Code   RO          200    i.ControlPin_CLK_Init  controlpins.o
    0x0000055c   0x0000055c   0x0000005c   Code   RO          201    i.ControlPin_SI_Init  controlpins.o
    0x000005b8   0x000005b8   0x0000000e   Code   RO          682    i.DisableSysTickTimer  systicktimer.o
    0x000005c6   0x000005c6   0x0000001e   Code   RO          683    i.EnableSysTickTimer  systicktimer.o
    0x000005e4   0x000005e4   0x0000001c   Code   RO           81    i.INIT_Camera       camera.o
    0x00000600   0x00000600   0x0000003c   Code   RO          382    i.LED1_Init         lab1.o
    0x0000063c   0x0000063c   0x00000010   Code   RO          383    i.LED1_Off          lab1.o
    0x0000064c   0x0000064c   0x00000010   Code   RO          384    i.LED1_On           lab1.o
    0x0000065c   0x0000065c   0x00000078   Code   RO          389    i.LED2_Init         lab1.o
    0x000006d4   0x000006d4   0x00000020   Code   RO          391    i.LED2_Off          lab1.o
    0x000006f4   0x000006f4   0x00000020   Code   RO          393    i.LED2_White        lab1.o
    0x00000714   0x00000714   0x00000028   Code   RO          508    i.OLED_Camera_Debug  project-main.o
    0x0000073c   0x0000073c   0x00000004   Code   RO          570    i.OLED_DisplayCameraData  oled.o
    0x00000740   0x00000740   0x00000124   Code   RO          571    i.OLED_Init         oled.o
    0x00000864   0x00000864   0x00000024   Code   RO          572    i.OLED_Print        oled.o
    0x00000888   0x00000888   0x0000001c   Code   RO          574    i.OLED_display_clear  oled.o
    0x000008a4   0x000008a4   0x00000006   Code   RO          575    i.OLED_display_off  oled.o
    0x000008aa   0x000008aa   0x00000002   PAD
    0x000008ac   0x000008ac   0x00000050   Code   RO          577    i.OLED_draw         oled.o
    0x000008fc   0x000008fc   0x0000002a   Code   RO          578    i.OLED_draw_line    oled.o
    0x00000926   0x00000926   0x00000016   Code   RO          579    i.OLED_sendCommand  oled.o
    0x0000093c   0x0000093c   0x00000028   Code   RO          580    i.OLED_sendData     oled.o
    0x00000964   0x00000964   0x00000024   Code   RO          581    i.OLED_write_display  oled.o
    0x00000988   0x00000988   0x00000038   Code   RO          202    i.SI_Handler        controlpins.o
    0x000009c0   0x000009c0   0x00000014   Code   RO          396    i.Switch1_Pressed   lab1.o
    0x000009d4   0x000009d4   0x00000014   Code   RO          398    i.Switch2_Pressed   lab1.o
    0x000009e8   0x000009e8   0x00000064   Code   RO          399    i.Switches_Init     lab1.o
    0x00000a4c   0x00000a4c   0x00000048   Code   RO          684    i.SysTickTimer_Init  systicktimer.o
    0x00000a94   0x00000a94   0x00000010   Code   RO          685    i.SysTick_Handler   systicktimer.o
    0x00000aa4   0x00000aa4   0x00000094   Code   RO          914    i.SystemInit        system_msp432p401r.o
    0x00000b38   0x00000b38   0x00000020   Code   RO          773    i.T32_INT1_IRQHandler  timer32.o
    0x00000b58   0x00000b58   0x00000020   Code   RO          774    i.T32_INT2_IRQHandler  timer32.o
    0x00000b78   0x00000b78   0x00000038   Code   RO          727    i.TIMER_A0_PWM_DutyCycle  timera.o
    0x00000bb0   0x00000bb0   0x000000d4   Code   RO          728    i.TIMER_A0_PWM_Init  timera.o
    0x00000c84   0x00000c84   0x0000003c   Code   RO          729    i.TIMER_A2_PWM_DutyCycle  timera.o
    0x00000cc0   0x00000cc0   0x00000088   Code   RO          730    i.TIMER_A2_PWM_Init  timera.o
    0x00000d48   0x00000d48   0x00000068   Code   RO          775    i.Timer32_1_Init    timer32.o
    0x00000db0   0x00000db0   0x00000118   Code   RO          988    i.__hardfp_floor    m_wm.l(floor.o)
    0x00000ec8   0x00000ec8   0x0000003c   Code   RO           82    i.bin_plotline      camera.o
    0x00000f04   0x00000f04   0x00000044   Code   RO           84    i.calibrate_center  camera.o
    0x00000f48   0x00000f48   0x00000088   Code   RO           86    i.camera_calibration  camera.o
    0x00000fd0   0x00000fd0   0x000001bc   Code   RO          509    i.car_startup       project-main.o
    0x0000118c   0x0000118c   0x00000080   Code   RO          582    i.draw_1d_data      oled.o
    0x0000120c   0x0000120c   0x00000090   Code   RO          306    i.driveMotors_init  motors.o
    0x0000129c   0x0000129c   0x000000e0   Code   RO          307    i.driveMotors_setSpeed  motors.o
    0x0000137c   0x0000137c   0x00000060   Code   RO          308    i.driveMotors_stop  motors.o
    0x000013dc   0x000013dc   0x000000c0   Code   RO           87    i.edge_detection    camera.o
    0x0000149c   0x0000149c   0x00000040   Code   RO          510    i.get_gain          project-main.o
    0x000014dc   0x000014dc   0x000000b8   Code   RO          268    i.i2c0_Init         i2c.o
    0x00001594   0x00001594   0x00000054   Code   RO          269    i.i2c0_put          i2c.o
    0x000015e8   0x000015e8   0x00000030   Code   RO           88    i.isOffTrack        camera.o
    0x00001618   0x00001618   0x00000230   Code   RO          511    i.main              project-main.o
    0x00001848   0x00001848   0x0000001e   Code   RO           89    i.ms_delay          camera.o
    0x00001866   0x00001866   0x00000002   PAD
    0x00001868   0x00001868   0x00000154   Code   RO          512    i.new_steering_adjust  project-main.o
    0x000019bc   0x000019bc   0x00000080   Code   RO           90    i.parsedata         camera.o
    0x00001a3c   0x00001a3c   0x00000004   Code   RO           91    i.plotline          camera.o
    0x00001a40   0x00001a40   0x00000012   Code   RO          513    i.put               project-main.o
    0x00001a52   0x00001a52   0x00000002   PAD
    0x00001a54   0x00001a54   0x00000010   Code   RO          309    i.servo_center      motors.o
    0x00001a64   0x00001a64   0x00000010   Code   RO          310    i.servo_left        motors.o
    0x00001a74   0x00001a74   0x00000006   Code   RO          311    i.servo_move        motors.o
    0x00001a7a   0x00001a7a   0x00000002   PAD
    0x00001a7c   0x00001a7c   0x00000010   Code   RO          312    i.servo_right       motors.o
    0x00001a8c   0x00001a8c   0x00000074   Code   RO          831    i.uart0_init        uart.o
    0x00001b00   0x00001b00   0x00000014   Code   RO          832    i.uart0_put         uart.o
    0x00001b14   0x00001b14   0x00000010   Code   RO          833    i.uart0_putchar     uart.o
    0x00001b24   0x00001b24   0x00000018   Code   RO          835    i.uart2_getchar     uart.o
    0x00001b3c   0x00001b3c   0x0000007c   Code   RO          836    i.uart2_init        uart.o
    0x00001bb8   0x00001bb8   0x00000014   Code   RO          837    i.uart2_put         uart.o
    0x00001bcc   0x00001bcc   0x00000014   Code   RO          838    i.uart2_putchar     uart.o
    0x00001be0   0x00001be0   0x00000150   Code   RO          958    x$fpl$dadd          fz_wm.l(daddsub_clz.o)
    0x00001d30   0x00001d30   0x00000018   Code   RO          997    x$fpl$dcmpinf       fz_wm.l(dcmpi.o)
    0x00001d48   0x00001d48   0x000002b0   Code   RO          965    x$fpl$ddiv          fz_wm.l(ddiv.o)
    0x00001ff8   0x00001ff8   0x0000005e   Code   RO          968    x$fpl$dfix          fz_wm.l(dfix.o)
    0x00002056   0x00002056   0x00000002   PAD
    0x00002058   0x00002058   0x0000005a   Code   RO          972    x$fpl$dfixu         fz_wm.l(dfixu.o)
    0x000020b2   0x000020b2   0x0000002e   Code   RO          977    x$fpl$dflt          fz_wm.l(dflt_clz.o)
    0x000020e0   0x000020e0   0x00000026   Code   RO          976    x$fpl$dfltu         fz_wm.l(dflt_clz.o)
    0x00002106   0x00002106   0x00000002   PAD
    0x00002108   0x00002108   0x00000078   Code   RO          982    x$fpl$dleqf         fz_wm.l(dleqf.o)
    0x00002180   0x00002180   0x00000154   Code   RO          984    x$fpl$dmul          fz_wm.l(dmul.o)
    0x000022d4   0x000022d4   0x0000009c   Code   RO          999    x$fpl$dnaninf       fz_wm.l(dnaninf.o)
    0x00002370   0x00002370   0x0000000c   Code   RO         1001    x$fpl$dretinf       fz_wm.l(dretinf.o)
    0x0000237c   0x0000237c   0x0000006c   Code   RO          986    x$fpl$drleqf        fz_wm.l(drleqf.o)
    0x000023e8   0x000023e8   0x00000016   Code   RO          959    x$fpl$drsb          fz_wm.l(daddsub_clz.o)
    0x000023fe   0x000023fe   0x00000002   PAD
    0x00002400   0x00002400   0x000001d4   Code   RO          960    x$fpl$dsub          fz_wm.l(daddsub_clz.o)
    0x000025d4   0x000025d4   0x0000000a   Code   RO         1088    x$fpl$fpinit        fz_wm.l(fpinit.o)
    0x000025de   0x000025de   0x00000000   Code   RO         1003    x$fpl$usenofp       fz_wm.l(usenofp.o)
    0x000025de   0x000025de   0x00000002   PAD
    0x000025e0   0x000025e0   0x000005f0   Data   RO          584    .constdata          oled.o
    0x00002bd0   0x00002bd0   0x00000020   Data   RO         1158    Region$$Table       anon$$obj.o


    Execution Region ER_RW (Exec base: 0x20000000, Load base: 0x00002bf0, Size: 0x00000088, Max: 0xffffffff, ABSOLUTE)

    Exec Addr    Load Addr    Size         Type   Attr      Idx    E Section Name        Object

    0x20000000   0x00002bf0   0x00000020   Data   RW           94    .data               camera.o
    0x20000020   0x00002c10   0x00000002   Data   RW           95    .data               camera.o
    0x20000022   0x00002c12   0x00000002   PAD
    0x20000024   0x00002c14   0x00000008   Data   RW          205    .data               controlpins.o
    0x2000002c   0x00002c1c   0x00000004   Data   RW          270    .data               i2c.o
    0x20000030   0x00002c20   0x00000020   Data   RW          313    .data               motors.o
    0x20000050   0x00002c40   0x0000000e   Data   RW          516    .data               project-main.o
    0x2000005e   0x00002c4e   0x00000002   PAD
    0x20000060   0x00002c50   0x00000008   Data   RW          585    .data               oled.o
    0x20000068   0x00002c58   0x00000008   Data   RW          686    .data               systicktimer.o
    0x20000070   0x00002c60   0x00000014   Data   RW          778    .data               timer32.o
    0x20000084   0x00002c74   0x00000004   Data   RW          915    .data               system_msp432p401r.o


    Execution Region ER_ZI (Exec base: 0x20000088, Load base: 0x00002c78, Size: 0x000021c8, Max: 0xffffffff, ABSOLUTE)

    Exec Addr    Load Addr    Size         Type   Attr      Idx    E Section Name        Object

    0x20000088        -       0x00000200   Zero   RW           92    .bss                camera.o
    0x20000288        -       0x00000100   Zero   RW          203    .bss                controlpins.o
    0x20000388        -       0x00000c3c   Zero   RW          583    .bss                oled.o
    0x20000fc4        -       0x00000028   Zero   RW          731    .bss                timera.o
    0x20000fec        -       0x00000060   Zero   RW         1030    .bss                c_w.l(libspace.o)
    0x2000104c   0x00002c78   0x00000004   PAD
    0x20001050        -       0x00001000   Zero   RW          904    HEAP                startup_msp432p401r_uvision.o
    0x20002050        -       0x00000200   Zero   RW          903    STACK               startup_msp432p401r_uvision.o


==============================================================================

Image component sizes


      Code (inc. data)   RO Data    RW Data    ZI Data      Debug   Object Name

       128         24          0          0          0       7869   adc14.o
       694         80          0         34        512       8045   camera.o
       312         52          0          8        256       3004   controlpins.o
        32          0          0          0          0        568   cortexm.o
       268         26          0          4          0       1743   i2c.o
       416         44          0          0          0       4429   lab1.o
       518         62          0         32          0       4042   motors.o
       714         46       1520          8       3132       7652   oled.o
      1466        518          0         14          0       5817   project-main.o
        64         26        324          0       4608        924   startup_msp432p401r_uvision.o
       148         30          0          4          0        803   system_msp432p401r.o
       132         12          0          8          0       2709   systicktimer.o
       236         52          0         20          0       3143   timer32.o
       464         38          0          0         40       3646   timera.o
       340         42          0          0          0       3752   uart.o

    ----------------------------------------------------------------------
      5940       1052       1876        136       8548      58146   Object Totals
         0          0         32          0          0          0   (incl. Generated)
         8          0          0          4          0          0   (incl. Padding)

    ----------------------------------------------------------------------

      Code (inc. data)   RO Data    RW Data    ZI Data      Debug   Library Member Name

         8          0          0          0          0         68   __main.o
         0          0          0          0          0          0   __rtentry.o
        12          0          0          0          0          0   __rtentry2.o
         6          0          0          0          0          0   __rtentry4.o
        52          8          0          0          0          0   __scatter.o
        26          0          0          0          0          0   __scatter_copy.o
        28          0          0          0          0          0   __scatter_zi.o
        18          0          0          0          0         80   exit.o
         6          0          0          0          0        152   heapauxi.o
         0          0          0          0          0          0   indicate_semi.o
         2          0          0          0          0          0   libinit.o
         6          0          0          0          0          0   libinit2.o
         2          0          0          0          0          0   libshutdown.o
         2          0          0          0          0          0   libshutdown2.o
         8          4          0          0         96         68   libspace.o
        68          0          0          0          0         68   rt_memclr.o
        78          0          0          0          0         80   rt_memclr_w.o
       100          0          0          0          0         80   rt_memcpy_w.o
         2          0          0          0          0          0   rtexit.o
        10          0          0          0          0          0   rtexit2.o
        62          0          0          0          0         76   strlen.o
        12          4          0          0          0         68   sys_exit.o
        74          0          0          0          0         80   sys_stackheap_outer.o
         2          0          0          0          0         68   use_no_semi.o
       826         16          0          0          0        492   daddsub_clz.o
        24          0          0          0          0        116   dcmpi.o
       688        140          0          0          0        256   ddiv.o
        94          4          0          0          0        140   dfix.o
        90          4          0          0          0        140   dfixu.o
        84          0          0          0          0        232   dflt_clz.o
       120          4          0          0          0        140   dleqf.o
       340         12          0          0          0        152   dmul.o
       156          4          0          0          0        140   dnaninf.o
        12          0          0          0          0        116   dretinf.o
       108          0          0          0          0        128   drleqf.o
        10          0          0          0          0        116   fpinit.o
         0          0          0          0          0          0   usenofp.o
       280         28          0          0          0        156   floor.o

    ----------------------------------------------------------------------
      3432        228          0          0        100       3212   Library Totals
        16          0          0          0          4          0   (incl. Padding)

    ----------------------------------------------------------------------

      Code (inc. data)   RO Data    RW Data    ZI Data      Debug   Library Name

       584         16          0          0         96        888   c_w.l
      2552        184          0          0          0       2168   fz_wm.l
       280         28          0          0          0        156   m_wm.l

    ----------------------------------------------------------------------
      3432        228          0          0        100       3212   Library Totals

    ----------------------------------------------------------------------

==============================================================================


      Code (inc. data)   RO Data    RW Data    ZI Data      Debug   

      9372       1280       1876        136       8648      52994   Grand Totals
      9372       1280       1876        136       8648      52994   ELF Image Totals
      9372       1280       1876        136          0          0   ROM Totals

==============================================================================

    Total RO  Size (Code + RO Data)                11248 (  10.98kB)
    Total RW  Size (RW Data + ZI Data)              8784 (   8.58kB)
    Total ROM Size (Code + RO Data + RW Data)      11384 (  11.12kB)

==============================================================================

