<html>
<body>
<pre>
<h1>µVision Build Log</h1>
<h2>Tool Versions:</h2>
IDE-Version: µVision V5.24.2.0
Copyright (C) 2017 ARM Ltd and ARM Germany GmbH. All rights reserved.
License Information: Rick Tolleson, Rochester Institute of Technology, LIC=----
 
Tool Versions:
Toolchain:       MDK-Lite  Version: 5.24.1
Toolchain Path:  C:\Keil_v5\ARM\ARMCC\Bin
C Compiler:      Armcc.exe V5.06 update 5 (build 528)
Assembler:       Armasm.exe V5.06 update 5 (build 528)
Linker/Locator:  ArmLink.exe V5.06 update 5 (build 528)
Library Manager: ArmAr.exe V5.06 update 5 (build 528)
Hex Converter:   FromElf.exe V5.06 update 5 (build 528)
CPU DLL:         SARMCM3.DLL V5.24.1
Dialog DLL:      DCM.DLL V1.16.0.0
Target DLL:      CMSIS_AGDI.dll V1.28.3.0
Dialog DLL:      TCM.DLL V1.32.0.0
 
<h2>Project:</h2>
C:\Users\ayt4797\Desktop\IDE\IdeLab\Lab6\Lab6.uvprojx
Project File Date:  10/08/2021

<h2>Output:</h2>
*** Using Compiler 'V5.06 update 5 (build 528)', folder: 'C:\Keil_v5\ARM\ARMCC\Bin'
Build target 'Target 1'
compiling Lab6-DCMotor.c...
Lab6-DCMotor.c(54): warning:  #177-D: variable "dc"  was declared but never referenced
  		uint16_t dc = 0;
Lab6-DCMotor.c(55): warning:  #177-D: variable "freq"  was declared but never referenced
  		uint16_t freq = 10000; // Frequency = 10 kHz 
Lab6-DCMotor.c(56): warning:  #177-D: variable "dir"  was declared but never referenced
  		uint16_t dir = 0;
Lab6-DCMotor.c(57): warning:  #177-D: variable "c"  was declared but never referenced
  		char c = 48;
Lab6-DCMotor.c(52): warning:  #128-D: loop is not reachable
  	for(;;)  //loop forever
Lab6-DCMotor.c(97): warning:  #111-D: statement is unreachable
  	return 0;
Lab6-DCMotor.c: 6 warnings, 0 errors
linking...
Program Size: Code=2220 RO-data=356 RW-data=40 ZI-data=1160  
".\Objects\Lab6.axf" - 0 Error(s), 6 Warning(s).

<h2>Software Packages used:</h2>

Package Vendor: ARM
                http://www.keil.com/pack/ARM.CMSIS.5.0.1.pack
                ARM.CMSIS.5.0.1
                CMSIS (Cortex Microcontroller Software Interface Standard)
   * Component: CORE Version: 5.0.1

Package Vendor: TexasInstruments
                http://software-dl.ti.com/msp430/msp430_public_sw/mcu/msp430/msp432cmsis/latest/exports/TexasInstruments.MSP432P4xx_DFP.3.2.6.pack
                TexasInstruments.MSP432P4xx_DFP.3.2.6
                Device Family Pack for Texas Instruments SimpleLink(TM) MSP432 Series
   * Component: Startup Version: 3.2.2

<h2>Collection of Component include folders:</h2>
  .\RTE\_Target_1
  C:\Keil_v5\ARM\PACK\ARM\CMSIS\5.0.1\CMSIS\Include
  C:\Keil_v5\ARM\PACK\TexasInstruments\MSP432P4xx_DFP\3.2.6\Device\Include

<h2>Collection of Component Files used:</h2>

   * Component: TexasInstruments::Device:Startup:3.2.2
      Include file:  Device\Include\msp_compatibility.h
      Source file:   Examples\EmptyMain\main.c
      Source file:   Device\Source\system_msp432p401r.c
      Source file:   Device\Source\startup_msp432p401r_uvision.s
      Source file:   Examples\BlinkLED\blinkLED.c

   * Component: ARM::CMSIS:CORE:5.0.1
Build Time Elapsed:  00:00:01
</pre>
</body>
</html>
